RocksDB:    version 11.2.0
Date:       Mon Aug 31 02:09:40 2026
CPU:        36 * Intel(R) Core(TM) i9-10980XE CPU @ 3.00GHz
CPUCache:   25344 KB
2026/08/31-02:10:11  ... thread 9: (18000,18000) ops and (583.5,583.5) ops/second in (30.848946,30.848946) seconds
2026/08/31-02:10:12  ... thread 6: (18000,18000) ops and (564.8,564.8) ops/second in (31.871269,31.871269) seconds
2026/08/31-02:10:14  ... thread 12: (18000,18000) ops and (534.9,534.9) ops/second in (33.652113,33.652113) seconds
2026/08/31-02:10:16  ... thread 14: (18000,18000) ops and (500.4,500.4) ops/second in (35.968456,35.968456) seconds
2026/08/31-02:10:16  ... thread 1: (19000,19000) ops and (528.2,528.2) ops/second in (35.972544,35.972544) seconds
2026/08/31-02:10:16  ... thread 13: (19000,19000) ops and (526.9,526.9) ops/second in (36.063121,36.063121) seconds
2026/08/31-02:10:16  ... thread 3: (19000,19000) ops and (526.8,526.8) ops/second in (36.064841,36.064841) seconds
2026/08/31-02:10:16  ... thread 2: (19000,19000) ops and (526.7,526.7) ops/second in (36.070434,36.070434) seconds
2026/08/31-02:10:16  ... thread 7: (19000,19000) ops and (526.5,526.5) ops/second in (36.087849,36.087849) seconds
2026/08/31-02:10:16  ... thread 11: (19000,19000) ops and (526.4,526.4) ops/second in (36.091931,36.091931) seconds
2026/08/31-02:10:16  ... thread 15: (19000,19000) ops and (526.1,526.1) ops/second in (36.117937,36.117937) seconds
2026/08/31-02:10:16  ... thread 5: (19000,19000) ops and (526.0,526.0) ops/second in (36.120225,36.120225) seconds
2026/08/31-02:10:16  ... thread 8: (19000,19000) ops and (525.9,525.9) ops/second in (36.127632,36.127632) seconds
2026/08/31-02:10:16  ... thread 4: (19000,19000) ops and (525.9,525.9) ops/second in (36.131511,36.131511) seconds
2026/08/31-02:10:16  ... thread 0: (19000,19000) ops and (525.8,525.8) ops/second in (36.134043,36.134043) seconds

** Compaction Stats [default] **
Level    Files   Size     Score Read(GB)  Rn(GB) Rnp1(GB) Write(GB) WPreComp(GB) Wnew(GB) Moved(GB) W-Amp Rd(MB/s) Wr(MB/s) Comp(sec) CompMergeCPU(sec) Comp(cnt) Avg(sec) KeyIn KeyDrop Rblob(GB) Wblob(GB)
-------------------------------------------------------------------------------------------------------------------------------------------------------------------------------------------------------------
  L0      0/0      0.00 KB   0.0      0.0     0.0      0.0       0.1       0.1      0.1       0.0   1.0      0.0     41.4      1.97              0.00         2    0.983     80K      0       0.0       0.0
  L1     45/17     2.28 GB   1.3      2.7     1.7      1.0       2.6       2.6      1.6       0.0   1.6    166.0    164.3     16.38             10.17         1   16.378   2701K    27K       0.0       0.0
  L2    203/53    11.80 GB   0.9      1.3     0.4      0.9       1.2       1.2      0.4       0.0   3.0     23.8     23.1     54.46              3.61         9    6.051   1288K    36K       0.0       0.0
  L3   1114/6     57.93 GB   0.6      3.2     0.9      2.2       2.7       2.7      0.5       0.0   2.8     10.4      8.8    311.19             17.01        18   17.288   3206K   490K       0.0       0.0
 Sum   1362/76    72.01 GB   0.0      7.1     3.0      4.1       6.6       6.6      2.5       0.0  83.0     18.9     17.6    383.99             30.79        30   12.800   7277K   554K       0.0       0.0
 Int      0/0      0.00 KB   0.0      7.1     3.0      4.1       6.5       6.5      2.5       0.0 7007590479.0     19.0     17.5    382.03             30.79        28   13.644   7196K   554K       0.0       0.0

** Compaction Stats [default] **
Priority    Files   Size     Score Read(GB)  Rn(GB) Rnp1(GB) Write(GB) WPreComp(GB) Wnew(GB) Moved(GB) W-Amp Rd(MB/s) Wr(MB/s) Comp(sec) CompMergeCPU(sec) Comp(cnt) Avg(sec) KeyIn KeyDrop Rblob(GB) Wblob(GB)
----------------------------------------------------------------------------------------------------------------------------------------------------------------------------------------------------------------
 Low      0/0      0.00 KB   0.0      7.1     3.0      4.1       6.5       6.5      2.5       0.0   0.0     19.0     17.5    382.03             30.79        28   13.644   7196K   554K       0.0       0.0
User      0/0      0.00 KB   0.0      0.0     0.0      0.0       0.1       0.1      0.1       0.0   0.0      0.0     41.4      1.97              0.00         2    0.983     80K      0       0.0       0.0

Blob file count: 0, total size: 0.0 GB, garbage size: 0.0 GB, space amp: 0.0

Uptime(secs): 40.2 total, 36.1 interval
Flush(GB): cumulative 0.080, interval 0.000
AddFile(GB): cumulative 0.000, interval 0.000
AddFile(Total Files): cumulative 0, interval 0
AddFile(L0 Files): cumulative 0, interval 0
AddFile(Keys): cumulative 0, interval 0
Cumulative compaction: 6.61 GB write, 168.40 MB/s write, 7.07 GB read, 180.27 MB/s read, 384.0 seconds
Interval compaction: 6.53 GB write, 184.89 MB/s write, 7.07 GB read, 200.34 MB/s read, 382.0 seconds
Estimated pending compaction bytes: 26433605789
Write Stall (count): cf-l0-file-count-limit-delays-with-ongoing-compaction: 0, cf-l0-file-count-limit-stops-with-ongoing-compaction: 0, l0-file-count-limit-delays: 0, l0-file-count-limit-stops: 0, memtable-limit-delays: 0, memtable-limit-stops: 0, pending-compaction-bytes-delays: 0, pending-compaction-bytes-stops: 0, total-delays: 0, total-stops: 0
Block cache AutoHyperClockCache@0x56ab93baa2d0#2017656 capacity: 512.00 MB seed: 379758368 usage: 64.00 KB table_size: 1024 occupancy: 1 collections: 1 last_copies: 0 last_secs: 8.9e-05 secs_since: 36
Block cache entry stats(count,size,portion): Misc(1,0.00 KB,0%)

** File Read Latency Histogram By Level [default] **
** Level 0 read latency histogram (micros):
Count: 1236221 Average: 3.6225  StdDev: 10.98
Min: 0  Median: 2.8990  Max: 4454
Percentiles: P50: 2.90 P75: 3.73 P99: 6.72 P99.9: 8.94 P99.99: 9.17
------------------------------------------------------
[       0,       1 ]    89580   7.246%   7.246% #
(       1,       2 ]   227647  18.415%  25.661% ####
(       2,       3 ]   334672  27.072%  52.733% #####
(       3,       4 ]   377596  30.544%  83.278% ######
(       4,       6 ]   190751  15.430%  98.708% ###
(       6,      10 ]    20030   1.620% 100.328% 
(      10,      15 ]     4921   0.398% 100.726% 
(      15,      22 ]     4403   0.356% 101.082% 
(      22,      34 ]      895   0.072% 101.155% 
(      34,      51 ]      227   0.018% 101.173% 
(      51,      76 ]       85   0.007% 101.180% 
(      76,     110 ]       72   0.006% 101.186% 
(     110,     170 ]       69   0.006% 101.191% 
(     170,     250 ]       48   0.004% 101.195% 
(     250,     380 ]       51   0.004% 101.199% 
(     380,     580 ]       22   0.002% 101.201% 
(     580,     870 ]       16   0.001% 101.202% 
(     870,    1300 ]       10   0.001% 101.203% 
(    1300,    1900 ]        5   0.000% 101.204% 
(    1900,    2900 ]        7   0.001% 101.204% 
(    2900,    4400 ]        3   0.000% 101.204% 
(    4400,    6600 ]        1   0.000% 101.204% 

** Level 1 read latency histogram (micros):
Count: 657173 Average: 2.5236  StdDev: 4.28
Min: 0  Median: 1.4351  Max: 885
Percentiles: P50: 1.44 P75: 3.04 P99: 8.21 P99.9: 9.86 P99.99: 10.32
------------------------------------------------------
[       0,       1 ]   249091  37.903%  37.903% ########
(       1,       2 ]   182692  27.800%  65.703% ######
(       2,       3 ]    57353   8.727%  74.430% ##
(       3,       4 ]    89203  13.574%  88.004% ###
(       4,       6 ]    64370   9.795%  97.799% ##
(       6,      10 ]    14314   2.178%  99.977% 
(      10,      15 ]     1300   0.198% 100.175% 
(      15,      22 ]     1643   0.250% 100.425% 
(      22,      34 ]      207   0.031% 100.457% 
(      34,      51 ]       34   0.005% 100.462% 
(      51,      76 ]       25   0.004% 100.465% 
(      76,     110 ]       23   0.003% 100.469% 
(     110,     170 ]        9   0.001% 100.470% 
(     170,     250 ]        3   0.000% 100.471% 
(     250,     380 ]        9   0.001% 100.472% 
(     380,     580 ]        9   0.001% 100.474% 
(     580,     870 ]       10   0.002% 100.475% 
(     870,    1300 ]        1   0.000% 100.475% 

** Level 2 read latency histogram (micros):
Count: 1116450 Average: 2.8703  StdDev: 103.25
Min: 0  Median: 1.5473  Max: 86571
Percentiles: P50: 1.55 P75: 3.05 P99: 5.98 P99.9: 8.51 P99.99: 8.80
------------------------------------------------------
[       0,       1 ]   394436  35.329%  35.329% #######
(       1,       2 ]   299272  26.806%  62.135% #####
(       2,       3 ]   135048  12.096%  74.231% ##
(       3,       4 ]   161513  14.467%  88.698% ###
(       4,       6 ]   116333  10.420%  99.118% ##
(       6,      10 ]    13935   1.248% 100.366% 
(      10,      15 ]     2114   0.189% 100.555% 
(      15,      22 ]     2102   0.188% 100.744% 
(      22,      34 ]      314   0.028% 100.772% 
(      34,      51 ]       56   0.005% 100.777% 
(      51,      76 ]       24   0.002% 100.779% 
(      76,     110 ]       18   0.002% 100.781% 
(     110,     170 ]       10   0.001% 100.781% 
(     170,     250 ]       16   0.001% 100.783% 
(     250,     380 ]       29   0.003% 100.786% 
(     380,     580 ]       25   0.002% 100.788% 
(     580,     870 ]      103   0.009% 100.797% 
(     870,    1300 ]       59   0.005% 100.802% 
(    1300,    1900 ]        2   0.000% 100.802% 
(    1900,    2900 ]        1   0.000% 100.803% 
(    2900,    4400 ]        1   0.000% 100.803% 
(    9900,   14000 ]        2   0.000% 100.803% 
(   22000,   33000 ]        2   0.000% 100.803% 
(   33000,   50000 ]        1   0.000% 100.803% 
(   75000,  110000 ]        1   0.000% 100.803% 

** Level 3 read latency histogram (micros):
Count: 871414 Average: 824.0690  StdDev: 23926.22
Min: 0  Median: 2.1195  Max: 4379957
Percentiles: P50: 2.12 P75: 5.55 P99: 2795.68 P99.9: 5055.82 P99.99: 5628.86
------------------------------------------------------
[       0,       1 ]   115612  13.267%  13.267% ###
(       1,       2 ]   306941  35.223%  48.490% #######
(       2,       3 ]   110061  12.630%  61.121% ###
(       3,       4 ]    76851   8.819%  69.940% ##
(       4,       6 ]    57073   6.549%  76.489% #
(       6,      10 ]     6893   0.791%  77.280% 
(      10,      15 ]     1261   0.145%  77.425% 
(      15,      22 ]      962   0.110%  77.535% 
(      22,      34 ]      163   0.019%  77.554% 
(      34,      51 ]       98   0.011%  77.565% 
(      51,      76 ]      517   0.059%  77.625% 
(      76,     110 ]      534   0.061%  77.686% 
(     110,     170 ]    12834   1.473%  79.159% 
(     170,     250 ]    26060   2.991%  82.149% #
(     250,     380 ]    40815   4.684%  86.833% #
(     380,     580 ]    35259   4.046%  90.879% #
(     580,     870 ]    27032   3.102%  93.981% #
(     870,    1300 ]    19219   2.205%  96.187% 
(    1300,    1900 ]    13930   1.599%  97.785% 
(    1900,    2900 ]    11821   1.357%  99.142% 
(    2900,    4400 ]     5712   0.655%  99.797% 
(    4400,    6600 ]     3011   0.346% 100.143% 
(    6600,    9900 ]     1338   0.154% 100.296% 
(    9900,   14000 ]      860   0.099% 100.395% 
(   14000,   22000 ]     1060   0.122% 100.517% 
(   22000,   33000 ]      975   0.112% 100.629% 
(   33000,   50000 ]     1122   0.129% 100.757% 
(   50000,   75000 ]     1069   0.123% 100.880% 
(   75000,  110000 ]      786   0.090% 100.970% 
(  110000,  170000 ]      586   0.067% 101.038% 
(  170000,  250000 ]      240   0.028% 101.065% 
(  250000,  380000 ]      117   0.013% 101.078% 
(  380000,  570000 ]       38   0.004% 101.083% 
(  570000,  860000 ]        6   0.001% 101.084% 
(  860000, 1200000 ]        2   0.000% 101.084% 
( 1200000, 1900000 ]        9   0.001% 101.085% 
( 1900000, 2900000 ]        1   0.000% 101.085% 
( 2900000, 4300000 ]       25   0.003% 101.088% 
( 4300000, 6500000 ]        2   0.000% 101.088% 


** DB Stats **
Uptime(secs): 40.2 total, 36.1 interval
Cumulative writes: 0 writes, 0 keys, 0 commit groups, 0.0 writes per commit group, ingest: 0.00 GB, 0.00 MB/s
Cumulative WAL: 0 writes, 0 syncs, 0.00 writes per sync, written: 0.00 GB, 0.00 MB/s
Cumulative stall: 00:00:0.000 H:M:S, 0.0 percent
Interval writes: 0 writes, 0 keys, 0 commit groups, 0.0 writes per commit group, ingest: 0.00 MB, 0.00 MB/s
Interval WAL: 0 writes, 0 syncs, 0.00 writes per sync, written: 0.00 GB, 0.00 MB/s
Interval stall: 00:00:0.000 H:M:S, 0.0 percent
Write Stall (count): write-buffer-manager-limit-stops: 0
num-running-compactions: 18
num-running-flushes: 0

2026/08/31-02:10:16  ... thread 10: (19000,19000) ops and (525.5,525.5) ops/second in (36.153959,36.153959) seconds
2026/08/31-02:10:42  ... thread 9: (20000,38000) ops and (656.2,619.6) ops/second in (30.478644,61.327590) seconds
2026/08/31-02:10:42  ... thread 6: (22000,40000) ops and (724.6,642.7) ops/second in (30.363192,62.234461) seconds
2026/08/31-02:10:44  ... thread 12: (26000,44000) ops and (855.3,687.0) ops/second in (30.399018,64.051131) seconds
2026/08/31-02:10:46  ... thread 1: (29000,48000) ops and (964.7,726.9) ops/second in (30.060393,66.032937) seconds
2026/08/31-02:10:47  ... thread 3: (29000,48000) ops and (944.4,718.9) ops/second in (30.705715,66.770556) seconds
2026/08/31-02:10:50  ... thread 2: (29000,48000) ops and (872.7,692.6) ops/second in (33.229292,69.299726) seconds
2026/08/31-02:10:51  ... thread 15: (29000,48000) ops and (848.1,682.7) ops/second in (34.195669,70.313606) seconds
2026/08/31-02:10:51  ... thread 10: (29000,48000) ops and (832.4,676.1) ops/second in (34.840339,70.994298) seconds
2026/08/31-02:10:52  ... thread 14: (29000,47000) ops and (813.5,656.3) ops/second in (35.647005,71.615461) seconds
2026/08/31-02:10:52  ... thread 7: (29000,48000) ops and (816.1,670.2) ops/second in (35.533973,71.621822) seconds
2026/08/31-02:10:52  ... thread 11: (29000,48000) ops and (808.5,667.0) ops/second in (35.871094,71.963025) seconds
2026/08/31-02:10:53  ... thread 4: (29000,48000) ops and (793.1,660.3) ops/second in (36.564803,72.696314) seconds
2026/08/31-02:10:53  ... thread 5: (30000,49000) ops and (814.9,671.8) ops/second in (36.815285,72.935510) seconds
2026/08/31-02:10:53  ... thread 8: (29000,48000) ops and (786.3,657.4) ops/second in (36.883223,73.010855) seconds
2026/08/31-02:10:53  ... thread 0: (29000,48000) ops and (785.2,656.9) ops/second in (36.934285,73.068328) seconds

** Compaction Stats [default] **
Level    Files   Size     Score Read(GB)  Rn(GB) Rnp1(GB) Write(GB) WPreComp(GB) Wnew(GB) Moved(GB) W-Amp Rd(MB/s) Wr(MB/s) Comp(sec) CompMergeCPU(sec) Comp(cnt) Avg(sec) KeyIn KeyDrop Rblob(GB) Wblob(GB)
-------------------------------------------------------------------------------------------------------------------------------------------------------------------------------------------------------------
  L0      0/0      0.00 KB   0.0      0.0     0.0      0.0       0.1       0.1      0.1       0.0   1.0      0.0     41.4      1.97              0.00         2    0.983     80K      0       0.0       0.0
  L1     21/0   1004.40 MB   1.0      2.7     1.7      1.0       2.6       2.6      1.6       0.0   1.6    166.0    164.3     16.38             10.17         1   16.378   2701K    27K       0.0       0.0
  L2    208/18    11.97 GB   1.1      7.0     1.6      5.4       6.9       6.9      1.5       0.0   4.2     18.6     18.1    387.92             22.40        29   13.376   7162K   184K       0.0       0.0
  L3   1122/59    58.41 GB   0.6      6.4     1.9      4.5       5.4       5.4      0.9       0.0   2.8     12.0     10.2    547.16             39.69        36   15.199   6520K   999K       0.0       0.0
 Sum   1351/77    71.36 GB   0.0     16.1     5.2     10.9      15.0      15.0      4.1       0.0 188.3     17.3     16.1    953.42             72.26        68   14.021     16M  1210K       0.0       0.0
 Int      0/0      0.00 KB   0.0      2.7     0.8      1.9       2.3       2.3      0.4       0.0 2458237557.0     14.7     12.4    188.59             18.82        14   13.471   2755K   425K       0.0       0.0

** Compaction Stats [default] **
Priority    Files   Size     Score Read(GB)  Rn(GB) Rnp1(GB) Write(GB) WPreComp(GB) Wnew(GB) Moved(GB) W-Amp Rd(MB/s) Wr(MB/s) Comp(sec) CompMergeCPU(sec) Comp(cnt) Avg(sec) KeyIn KeyDrop Rblob(GB) Wblob(GB)
----------------------------------------------------------------------------------------------------------------------------------------------------------------------------------------------------------------
 Low      0/0      0.00 KB   0.0     16.1     5.2     10.9      14.9      14.9      4.0       0.0   0.0     17.3     16.0    951.45             72.26        66   14.416     16M  1210K       0.0       0.0
User      0/0      0.00 KB   0.0      0.0     0.0      0.0       0.1       0.1      0.1       0.0   0.0      0.0     41.4      1.97              0.00         2    0.983     80K      0       0.0       0.0

Blob file count: 0, total size: 0.0 GB, garbage size: 0.0 GB, space amp: 0.0

Uptime(secs): 77.1 total, 13.1 interval
Flush(GB): cumulative 0.080, interval 0.000
AddFile(GB): cumulative 0.000, interval 0.000
AddFile(Total Files): cumulative 0, interval 0
AddFile(L0 Files): cumulative 0, interval 0
AddFile(Keys): cumulative 0, interval 0
Cumulative compaction: 14.99 GB write, 199.09 MB/s write, 16.10 GB read, 213.85 MB/s read, 953.4 seconds
Interval compaction: 2.29 GB write, 179.52 MB/s write, 2.71 GB read, 212.27 MB/s read, 188.6 seconds
Estimated pending compaction bytes: 12423854409
Write Stall (count): cf-l0-file-count-limit-delays-with-ongoing-compaction: 0, cf-l0-file-count-limit-stops-with-ongoing-compaction: 0, l0-file-count-limit-delays: 0, l0-file-count-limit-stops: 0, memtable-limit-delays: 0, memtable-limit-stops: 0, pending-compaction-bytes-delays: 0, pending-compaction-bytes-stops: 0, total-delays: 0, total-stops: 0
Block cache AutoHyperClockCache@0x56ab93baa2d0#2017656 capacity: 512.00 MB seed: 379758368 usage: 64.00 KB table_size: 1024 occupancy: 1 collections: 1 last_copies: 1 last_secs: 8.9e-05 secs_since: 73
Block cache entry stats(count,size,portion): Misc(1,0.00 KB,0%)

** File Read Latency Histogram By Level [default] **
** Level 0 read latency histogram (micros):
Count: 1236221 Average: 3.6225  StdDev: 10.98
Min: 0  Median: 2.8990  Max: 4454
Percentiles: P50: 2.90 P75: 3.73 P99: 6.72 P99.9: 8.94 P99.99: 9.17
------------------------------------------------------
[       0,       1 ]    89580   7.246%   7.246% #
(       1,       2 ]   227647  18.415%  25.661% ####
(       2,       3 ]   334672  27.072%  52.733% #####
(       3,       4 ]   377596  30.544%  83.278% ######
(       4,       6 ]   190751  15.430%  98.708% ###
(       6,      10 ]    20030   1.620% 100.328% 
(      10,      15 ]     4921   0.398% 100.726% 
(      15,      22 ]     4403   0.356% 101.082% 
(      22,      34 ]      895   0.072% 101.155% 
(      34,      51 ]      227   0.018% 101.173% 
(      51,      76 ]       85   0.007% 101.180% 
(      76,     110 ]       72   0.006% 101.186% 
(     110,     170 ]       69   0.006% 101.191% 
(     170,     250 ]       48   0.004% 101.195% 
(     250,     380 ]       51   0.004% 101.199% 
(     380,     580 ]       22   0.002% 101.201% 
(     580,     870 ]       16   0.001% 101.202% 
(     870,    1300 ]       10   0.001% 101.203% 
(    1300,    1900 ]        5   0.000% 101.204% 
(    1900,    2900 ]        7   0.001% 101.204% 
(    2900,    4400 ]        3   0.000% 101.204% 
(    4400,    6600 ]        1   0.000% 101.204% 

** Level 1 read latency histogram (micros):
Count: 1110903 Average: 2.9161  StdDev: 3.67
Min: 0  Median: 1.8162  Max: 885
Percentiles: P50: 1.82 P75: 3.59 P99: 8.96 P99.9: 11.21 P99.99: 13.09
------------------------------------------------------
[       0,       1 ]   339439  30.555%  30.555% ######
(       1,       2 ]   264668  23.825%  54.380% #####
(       2,       3 ]   113241  10.194%  64.573% ##
(       3,       4 ]   194687  17.525%  82.099% ####
(       4,       6 ]   161018  14.494%  96.593% ###
(       6,      10 ]    36095   3.249%  99.842% #
(      10,      15 ]     2657   0.239% 100.081% 
(      15,      22 ]     3711   0.334% 100.415% 
(      22,      34 ]      477   0.043% 100.458% 
(      34,      51 ]       59   0.005% 100.463% 
(      51,      76 ]       27   0.002% 100.466% 
(      76,     110 ]       26   0.002% 100.468% 
(     110,     170 ]       16   0.001% 100.470% 
(     170,     250 ]        4   0.000% 100.470% 
(     250,     380 ]        9   0.001% 100.471% 
(     380,     580 ]       10   0.001% 100.472% 
(     580,     870 ]       10   0.001% 100.473% 
(     870,    1300 ]        1   0.000% 100.473% 

** Level 2 read latency histogram (micros):
Count: 2649409 Average: 3.1489  StdDev: 161.18
Min: 0  Median: 1.7532  Max: 177384
Percentiles: P50: 1.75 P75: 3.27 P99: 6.81 P99.9: 8.65 P99.99: 8.83
------------------------------------------------------
[       0,       1 ]   787313  29.717%  29.717% ######
(       1,       2 ]   713515  26.931%  56.648% #####
(       2,       3 ]   379232  14.314%  70.961% ###
(       3,       4 ]   398217  15.030%  85.992% ###
(       4,       6 ]   334121  12.611%  98.603% ###
(       6,      10 ]    51908   1.959% 100.562% 
(      10,      15 ]     5633   0.213% 100.775% 
(      15,      22 ]     6223   0.235% 101.010% 
(      22,      34 ]      829   0.031% 101.041% 
(      34,      51 ]       94   0.004% 101.045% 
(      51,      76 ]       57   0.002% 101.047% 
(      76,     110 ]       79   0.003% 101.050% 
(     110,     170 ]       43   0.002% 101.051% 
(     170,     250 ]       35   0.001% 101.053% 
(     250,     380 ]       49   0.002% 101.055% 
(     380,     580 ]       45   0.002% 101.056% 
(     580,     870 ]      115   0.004% 101.061% 
(     870,    1300 ]       71   0.003% 101.063% 
(    1300,    1900 ]       13   0.000% 101.064% 
(    1900,    2900 ]       13   0.000% 101.064% 
(    2900,    4400 ]        5   0.000% 101.064% 
(    9900,   14000 ]        2   0.000% 101.065% 
(   14000,   22000 ]        2   0.000% 101.065% 
(   22000,   33000 ]        4   0.000% 101.065% 
(   33000,   50000 ]        1   0.000% 101.065% 
(   50000,   75000 ]        4   0.000% 101.065% 
(   75000,  110000 ]        2   0.000% 101.065% 
(  170000,  250000 ]        1   0.000% 101.065% 

** Level 3 read latency histogram (micros):
Count: 2185598 Average: 712.4163  StdDev: 18729.00
Min: 0  Median: 2.6652  Max: 4379957
Percentiles: P50: 2.67 P75: 7.04 P99: 2414.03 P99.9: 3979.74 P99.99: 4245.24
------------------------------------------------------
[       0,       1 ]   173859   7.955%   7.955% ##
(       1,       2 ]   676756  30.964%  38.919% ######
(       2,       3 ]   364059  16.657%  55.576% ###
(       3,       4 ]   248494  11.370%  66.946% ##
(       4,       6 ]   170448   7.799%  74.745% ##
(       6,      10 ]    21554   0.986%  75.731% 
(      10,      15 ]     3918   0.179%  75.910% 
(      15,      22 ]     3247   0.149%  76.059% 
(      22,      34 ]      707   0.032%  76.091% 
(      34,      51 ]      664   0.030%  76.121% 
(      51,      76 ]     2319   0.106%  76.227% 
(      76,     110 ]     3491   0.160%  76.387% 
(     110,     170 ]    68015   3.112%  79.499% #
(     170,     250 ]    84135   3.850%  83.349% #
(     250,     380 ]   106420   4.869%  88.218% #
(     380,     580 ]    86457   3.956%  92.174% #
(     580,     870 ]    63419   2.902%  95.075% #
(     870,    1300 ]    45002   2.059%  97.134% 
(    1300,    1900 ]    28434   1.301%  98.435% 
(    1900,    2900 ]    24016   1.099%  99.534% 
(    2900,    4400 ]    11113   0.508% 100.043% 
(    4400,    6600 ]     6229   0.285% 100.328% 
(    6600,    9900 ]     3293   0.151% 100.478% 
(    9900,   14000 ]     2192   0.100% 100.578% 
(   14000,   22000 ]     2664   0.122% 100.700% 
(   22000,   33000 ]     2463   0.113% 100.813% 
(   33000,   50000 ]     2300   0.105% 100.918% 
(   50000,   75000 ]     1955   0.089% 101.008% 
(   75000,  110000 ]     1425   0.065% 101.073% 
(  110000,  170000 ]     1026   0.047% 101.120% 
(  170000,  250000 ]      597   0.027% 101.147% 
(  250000,  380000 ]      377   0.017% 101.164% 
(  380000,  570000 ]      148   0.007% 101.171% 
(  570000,  860000 ]       22   0.001% 101.172% 
(  860000, 1200000 ]       38   0.002% 101.174% 
( 1200000, 1900000 ]       34   0.002% 101.176% 
( 1900000, 2900000 ]        5   0.000% 101.176% 
( 2900000, 4300000 ]       31   0.001% 101.177% 
( 4300000, 6500000 ]        2   0.000% 101.177% 


** DB Stats **
Uptime(secs): 77.1 total, 13.1 interval
Cumulative writes: 0 writes, 0 keys, 0 commit groups, 0.0 writes per commit group, ingest: 0.00 GB, 0.00 MB/s
Cumulative WAL: 0 writes, 0 syncs, 0.00 writes per sync, written: 0.00 GB, 0.00 MB/s
Cumulative stall: 00:00:0.000 H:M:S, 0.0 percent
Interval writes: 0 writes, 0 keys, 0 commit groups, 0.0 writes per commit group, ingest: 0.00 MB, 0.00 MB/s
Interval WAL: 0 writes, 0 syncs, 0.00 writes per sync, written: 0.00 GB, 0.00 MB/s
Interval stall: 00:00:0.000 H:M:S, 0.0 percent
Write Stall (count): write-buffer-manager-limit-stops: 0
num-running-compactions: 18
num-running-flushes: 0

2026/08/31-02:10:53  ... thread 13: (30000,49000) ops and (809.8,670.2) ops/second in (37.044120,73.107241) seconds
2026/08/31-02:11:13  ... thread 9: (29000,67000) ops and (932.2,724.8) ops/second in (31.109761,92.437351) seconds
2026/08/31-02:11:15  ... thread 6: (27000,67000) ops and (829.8,707.0) ops/second in (32.536634,94.771095) seconds
2026/08/31-02:11:15  ... thread 12: (23000,67000) ops and (747.8,706.7) ops/second in (30.758543,94.809674) seconds
2026/08/31-02:11:16  ... thread 1: (26000,74000) ops and (866.7,770.6) ops/second in (30.000424,96.033361) seconds
2026/08/31-02:11:17  ... thread 3: (30000,78000) ops and (996.5,805.2) ops/second in (30.104920,96.875476) seconds
2026/08/31-02:11:20  ... thread 2: (51000,99000) ops and (1696.1,996.3) ops/second in (30.069462,99.369188) seconds
2026/08/31-02:11:21  ... thread 15: (60000,108000) ops and (1998.8,1076.4) ops/second in (30.018016,100.331622) seconds
2026/08/31-02:11:21  ... thread 10: (66000,114000) ops and (2199.1,1128.6) ops/second in (30.011702,101.006000) seconds
2026/08/31-02:11:22  ... thread 7: (72000,120000) ops and (2399.8,1180.8) ops/second in (30.002243,101.624065) seconds
2026/08/31-02:11:22  ... thread 14: (72000,119000) ops and (2398.3,1170.8) ops/second in (30.021256,101.636717) seconds
2026/08/31-02:11:22  ... thread 11: (75000,123000) ops and (2495.3,1205.6) ops/second in (30.056658,102.019683) seconds
2026/08/31-02:11:23  ... thread 4: (82000,130000) ops and (2725.3,1264.8) ops/second in (30.087978,102.784292) seconds
2026/08/31-02:11:23  ... thread 5: (84000,133000) ops and (2796.0,1291.5) ops/second in (30.042994,102.978504) seconds
2026/08/31-02:11:23  ... thread 8: (85000,133000) ops and (2826.1,1290.2) ops/second in (30.076656,103.087511) seconds
2026/08/31-02:11:23  ... thread 0: (85000,133000) ops and (2830.2,1290.0) ops/second in (30.032857,103.101185) seconds

** Compaction Stats [default] **
Level    Files   Size     Score Read(GB)  Rn(GB) Rnp1(GB) Write(GB) WPreComp(GB) Wnew(GB) Moved(GB) W-Amp Rd(MB/s) Wr(MB/s) Comp(sec) CompMergeCPU(sec) Comp(cnt) Avg(sec) KeyIn KeyDrop Rblob(GB) Wblob(GB)
-------------------------------------------------------------------------------------------------------------------------------------------------------------------------------------------------------------
  L0      0/0      0.00 KB   0.0      0.0     0.0      0.0       0.1       0.1      0.1       0.0   1.0      0.0     41.4      1.97              0.00         2    0.983     80K      0       0.0       0.0
  L1     21/0   1004.40 MB   1.0      2.7     1.7      1.0       2.6       2.6      1.6       0.0   1.6    166.0    164.3     16.38             10.17         1   16.378   2701K    27K       0.0       0.0
  L2    176/0      9.99 GB   1.0      7.0     1.6      5.4       6.9       6.9      1.5       0.0   4.2     18.6     18.1    387.92             22.40        29   13.376   7162K   184K       0.0       0.0
  L3   1135/0     59.34 GB   0.6     13.8     3.9      9.9      11.8      11.8      1.9       0.0   3.0     13.0     11.1   1089.41             91.35        68   16.021     14M  2062K       0.0       0.0
 Sum   1332/0     70.32 GB   0.0     23.5     7.2     16.3      21.4      21.4      5.1       0.0 268.6     16.1     14.6   1495.67            123.92       100   14.957     24M  2274K       0.0       0.0
 Int      0/0      0.00 KB   0.0     10.1     2.8      7.3       8.7       8.7      1.3       0.0 9318293011.0     14.2     12.2    730.84             70.48        46   15.888     10M  1488K       0.0       0.0

** Compaction Stats [default] **
Priority    Files   Size     Score Read(GB)  Rn(GB) Rnp1(GB) Write(GB) WPreComp(GB) Wnew(GB) Moved(GB) W-Amp Rd(MB/s) Wr(MB/s) Comp(sec) CompMergeCPU(sec) Comp(cnt) Avg(sec) KeyIn KeyDrop Rblob(GB) Wblob(GB)
----------------------------------------------------------------------------------------------------------------------------------------------------------------------------------------------------------------
 Low      0/0      0.00 KB   0.0     23.5     7.2     16.3      21.3      21.3      5.0       0.0   0.0     16.1     14.6   1493.70            123.92        98   15.242     23M  2274K       0.0       0.0
User      0/0      0.00 KB   0.0      0.0     0.0      0.0       0.1       0.1      0.1       0.0   0.0      0.0     41.4      1.97              0.00         2    0.983     80K      0       0.0       0.0

Blob file count: 0, total size: 0.0 GB, garbage size: 0.0 GB, space amp: 0.0

Uptime(secs): 107.1 total, 43.1 interval
Flush(GB): cumulative 0.080, interval 0.000
AddFile(GB): cumulative 0.000, interval 0.000
AddFile(Total Files): cumulative 0, interval 0
AddFile(L0 Files): cumulative 0, interval 0
AddFile(Keys): cumulative 0, interval 0
Cumulative compaction: 21.38 GB write, 204.35 MB/s write, 23.53 GB read, 224.95 MB/s read, 1495.7 seconds
Interval compaction: 8.68 GB write, 206.23 MB/s write, 10.14 GB read, 240.98 MB/s read, 730.8 seconds
Estimated pending compaction bytes: 0
Write Stall (count): cf-l0-file-count-limit-delays-with-ongoing-compaction: 0, cf-l0-file-count-limit-stops-with-ongoing-compaction: 0, l0-file-count-limit-delays: 0, l0-file-count-limit-stops: 0, memtable-limit-delays: 0, memtable-limit-stops: 0, pending-compaction-bytes-delays: 0, pending-compaction-bytes-stops: 0, total-delays: 0, total-stops: 0
Block cache AutoHyperClockCache@0x56ab93baa2d0#2017656 capacity: 512.00 MB seed: 379758368 usage: 64.00 KB table_size: 1024 occupancy: 1 collections: 1 last_copies: 1 last_secs: 8.9e-05 secs_since: 103
Block cache entry stats(count,size,portion): Misc(1,0.00 KB,0%)

** File Read Latency Histogram By Level [default] **
** Level 0 read latency histogram (micros):
Count: 1236221 Average: 3.6225  StdDev: 10.98
Min: 0  Median: 2.8990  Max: 4454
Percentiles: P50: 2.90 P75: 3.73 P99: 6.72 P99.9: 8.94 P99.99: 9.17
------------------------------------------------------
[       0,       1 ]    89580   7.246%   7.246% #
(       1,       2 ]   227647  18.415%  25.661% ####
(       2,       3 ]   334672  27.072%  52.733% #####
(       3,       4 ]   377596  30.544%  83.278% ######
(       4,       6 ]   190751  15.430%  98.708% ###
(       6,      10 ]    20030   1.620% 100.328% 
(      10,      15 ]     4921   0.398% 100.726% 
(      15,      22 ]     4403   0.356% 101.082% 
(      22,      34 ]      895   0.072% 101.155% 
(      34,      51 ]      227   0.018% 101.173% 
(      51,      76 ]       85   0.007% 101.180% 
(      76,     110 ]       72   0.006% 101.186% 
(     110,     170 ]       69   0.006% 101.191% 
(     170,     250 ]       48   0.004% 101.195% 
(     250,     380 ]       51   0.004% 101.199% 
(     380,     580 ]       22   0.002% 101.201% 
(     580,     870 ]       16   0.001% 101.202% 
(     870,    1300 ]       10   0.001% 101.203% 
(    1300,    1900 ]        5   0.000% 101.204% 
(    1900,    2900 ]        7   0.001% 101.204% 
(    2900,    4400 ]        3   0.000% 101.204% 
(    4400,    6600 ]        1   0.000% 101.204% 

** Level 1 read latency histogram (micros):
Count: 1744432 Average: 3.4324  StdDev: 3.13
Min: 0  Median: 3.0934  Max: 885
Percentiles: P50: 3.09 P75: 3.90 P99: 9.07 P99.9: 12.89 P99.99: 14.46
------------------------------------------------------
[       0,       1 ]   339669  19.472%  19.472% ####
(       1,       2 ]   276210  15.834%  35.305% ###
(       2,       3 ]   205910  11.804%  47.109% ##
(       3,       4 ]   540127  30.963%  78.072% ######
(       4,       6 ]   323034  18.518%  96.590% ####
(       6,      10 ]    54846   3.144%  99.734% #
(      10,      15 ]     5005   0.287% 100.021% 
(      15,      22 ]     5289   0.303% 100.324% 
(      22,      34 ]      686   0.039% 100.364% 
(      34,      51 ]       78   0.004% 100.368% 
(      51,      76 ]       28   0.002% 100.370% 
(      76,     110 ]       39   0.002% 100.372% 
(     110,     170 ]       17   0.001% 100.373% 
(     170,     250 ]        4   0.000% 100.373% 
(     250,     380 ]        9   0.001% 100.374% 
(     380,     580 ]       10   0.001% 100.374% 
(     580,     870 ]       10   0.001% 100.375% 
(     870,    1300 ]        1   0.000% 100.375% 

** Level 2 read latency histogram (micros):
Count: 4098971 Average: 4.2290  StdDev: 277.97
Min: 0  Median: 2.6627  Max: 244834
Percentiles: P50: 2.66 P75: 3.78 P99: 7.85 P99.9: 9.42 P99.99: 9.58
------------------------------------------------------
[       0,       1 ]   803970  19.614%  19.614% ####
(       1,       2 ]   836830  20.416%  40.030% ####
(       2,       3 ]   616653  15.044%  55.074% ###
(       3,       4 ]  1048920  25.590%  80.663% #####
(       4,       6 ]   708363  17.281%  97.945% ###
(       6,      10 ]    93645   2.285% 100.230% 
(      10,      15 ]    10625   0.259% 100.489% 
(      15,      22 ]     9701   0.237% 100.725% 
(      22,      34 ]     1332   0.032% 100.758% 
(      34,      51 ]      136   0.003% 100.761% 
(      51,      76 ]       71   0.002% 100.763% 
(      76,     110 ]      135   0.003% 100.766% 
(     110,     170 ]     2708   0.066% 100.832% 
(     170,     250 ]      675   0.016% 100.849% 
(     250,     380 ]      355   0.009% 100.857% 
(     380,     580 ]      285   0.007% 100.864% 
(     580,     870 ]      257   0.006% 100.871% 
(     870,    1300 ]      161   0.004% 100.875% 
(    1300,    1900 ]       60   0.001% 100.876% 
(    1900,    2900 ]       58   0.001% 100.878% 
(    2900,    4400 ]       27   0.001% 100.878% 
(    4400,    6600 ]       10   0.000% 100.878% 
(    6600,    9900 ]        3   0.000% 100.878% 
(    9900,   14000 ]        3   0.000% 100.879% 
(   14000,   22000 ]        4   0.000% 100.879% 
(   22000,   33000 ]        6   0.000% 100.879% 
(   33000,   50000 ]        3   0.000% 100.879% 
(   50000,   75000 ]       10   0.000% 100.879% 
(   75000,  110000 ]        5   0.000% 100.879% 
(  110000,  170000 ]        2   0.000% 100.879% 
(  170000,  250000 ]        4   0.000% 100.879% 

** Level 3 read latency histogram (micros):
Count: 4322091 Average: 499.5042  StdDev: 14231.71
Min: 0  Median: 3.3400  Max: 4379957
Percentiles: P50: 3.34 P75: 127.91 P99: 1747.91 P99.9: 2794.40 P99.99: 2940.15
------------------------------------------------------
[       0,       1 ]   260193   6.020%   6.020% #
(       1,       2 ]  1064871  24.638%  30.658% #####
(       2,       3 ]   630274  14.583%  45.241% ###
(       3,       4 ]   604979  13.997%  59.238% ###
(       4,       6 ]   439367  10.166%  69.404% ##
(       6,      10 ]    51440   1.190%  70.594% 
(      10,      15 ]     8103   0.187%  70.781% 
(      15,      22 ]     5859   0.136%  70.917% 
(      22,      34 ]     1545   0.036%  70.952% 
(      34,      51 ]     1707   0.039%  70.992% 
(      51,      76 ]     4973   0.115%  71.107% 
(      76,     110 ]    14221   0.329%  71.436% 
(     110,     170 ]   516054  11.940%  83.376% ##
(     170,     250 ]   200148   4.631%  88.007% #
(     250,     380 ]   165096   3.820%  91.827% #
(     380,     580 ]   127974   2.961%  94.788% #
(     580,     870 ]    91460   2.116%  96.904% 
(     870,    1300 ]    62341   1.442%  98.346% 
(    1300,    1900 ]    37871   0.876%  99.222% 
(    1900,    2900 ]    32758   0.758%  99.980% 
(    2900,    4400 ]    16093   0.372% 100.353% 
(    4400,    6600 ]     9481   0.219% 100.572% 
(    6600,    9900 ]     4690   0.109% 100.680% 
(    9900,   14000 ]     2846   0.066% 100.746% 
(   14000,   22000 ]     3351   0.078% 100.824% 
(   22000,   33000 ]     3039   0.070% 100.894% 
(   33000,   50000 ]     2873   0.066% 100.961% 
(   50000,   75000 ]     2492   0.058% 101.018% 
(   75000,  110000 ]     1923   0.044% 101.063% 
(  110000,  170000 ]     1378   0.032% 101.095% 
(  170000,  250000 ]      862   0.020% 101.115% 
(  250000,  380000 ]      549   0.013% 101.127% 
(  380000,  570000 ]      232   0.005% 101.133% 
(  570000,  860000 ]       33   0.001% 101.133% 
(  860000, 1200000 ]       40   0.001% 101.134% 
( 1200000, 1900000 ]       34   0.001% 101.135% 
( 1900000, 2900000 ]       11   0.000% 101.135% 
( 2900000, 4300000 ]       32   0.001% 101.136% 
( 4300000, 6500000 ]        2   0.000% 101.136% 


** DB Stats **
Uptime(secs): 107.1 total, 30.0 interval
Cumulative writes: 0 writes, 0 keys, 0 commit groups, 0.0 writes per commit group, ingest: 0.00 GB, 0.00 MB/s
Cumulative WAL: 0 writes, 0 syncs, 0.00 writes per sync, written: 0.00 GB, 0.00 MB/s
Cumulative stall: 00:00:0.000 H:M:S, 0.0 percent
Interval writes: 0 writes, 0 keys, 0 commit groups, 0.0 writes per commit group, ingest: 0.00 MB, 0.00 MB/s
Interval WAL: 0 writes, 0 syncs, 0.00 writes per sync, written: 0.00 GB, 0.00 MB/s
Interval stall: 00:00:0.000 H:M:S, 0.0 percent
Write Stall (count): write-buffer-manager-limit-stops: 0
num-running-compactions: 0
num-running-flushes: 0

2026/08/31-02:11:23  ... thread 13: (85000,134000) ops and (2824.8,1298.5) ops/second in (30.090213,103.197454) seconds
2026/08/31-02:11:43  ... thread 9: (249000,316000) ops and (8291.1,2580.2) ops/second in (30.032215,122.469566) seconds
2026/08/31-02:11:45  ... thread 6: (268000,335000) ops and (8919.8,2683.9) ops/second in (30.045530,124.816625) seconds
2026/08/31-02:11:45  ... thread 12: (267000,334000) ops and (8883.1,2674.9) ops/second in (30.056945,124.866619) seconds
2026/08/31-02:11:46  ... thread 1: (273000,347000) ops and (9096.6,2753.0) ops/second in (30.011178,126.044539) seconds
2026/08/31-02:11:47  ... thread 3: (276000,354000) ops and (9194.8,2789.8) ops/second in (30.016891,126.892367) seconds
2026/08/31-02:11:50  ... thread 2: (276000,375000) ops and (9185.6,2897.6) ops/second in (30.047143,129.416331) seconds
2026/08/31-02:11:51  ... thread 15: (276000,384000) ops and (9197.5,2946.1) ops/second in (30.008232,130.339854) seconds
2026/08/31-02:11:51  ... thread 10: (277000,391000) ops and (9217.1,2983.4) ops/second in (30.052888,131.058888) seconds
2026/08/31-02:11:52  ... thread 14: (275000,394000) ops and (9154.5,2992.2) ops/second in (30.039902,131.676619) seconds
2026/08/31-02:11:52  ... thread 7: (274000,394000) ops and (9116.4,2992.1) ops/second in (30.055872,131.679937) seconds
2026/08/31-02:11:52  ... thread 11: (276000,399000) ops and (9169.8,3020.0) ops/second in (30.098770,132.118453) seconds
2026/08/31-02:11:53  ... thread 4: (274000,404000) ops and (9118.0,3041.4) ops/second in (30.050368,132.834660) seconds
2026/08/31-02:11:53  ... thread 5: (274000,407000) ops and (9120.8,3059.7) ops/second in (30.041181,133.019685) seconds
2026/08/31-02:11:53  ... thread 0: (275000,408000) ops and (9149.5,3064.0) ops/second in (30.056442,133.157627) seconds

** Compaction Stats [default] **
Level    Files   Size     Score Read(GB)  Rn(GB) Rnp1(GB) Write(GB) WPreComp(GB) Wnew(GB) Moved(GB) W-Amp Rd(MB/s) Wr(MB/s) Comp(sec) CompMergeCPU(sec) Comp(cnt) Avg(sec) KeyIn KeyDrop Rblob(GB) Wblob(GB)
-------------------------------------------------------------------------------------------------------------------------------------------------------------------------------------------------------------
  L0      0/0      0.00 KB   0.0      0.0     0.0      0.0       0.1       0.1      0.1       0.0   1.0      0.0     41.4      1.97              0.00         2    0.983     80K      0       0.0       0.0
  L1     21/0   1004.40 MB   1.0      2.7     1.7      1.0       2.6       2.6      1.6       0.0   1.6    166.0    164.3     16.38             10.17         1   16.378   2701K    27K       0.0       0.0
  L2    176/0      9.99 GB   1.0      7.0     1.6      5.4       6.9       6.9      1.5       0.0   4.2     18.6     18.1    387.92             22.40        29   13.376   7162K   184K       0.0       0.0
  L3   1135/0     59.34 GB   0.6     13.8     3.9      9.9      11.8      11.8      1.9       0.0   3.0     13.0     11.1   1089.41             91.35        68   16.021     14M  2062K       0.0       0.0
 Sum   1332/0     70.32 GB   0.0     23.5     7.2     16.3      21.4      21.4      5.1       0.0 268.6     16.1     14.6   1495.67            123.92       100   14.957     24M  2274K       0.0       0.0
 Int      0/0      0.00 KB   0.0      0.0     0.0      0.0       0.0       0.0      0.0       0.0   0.0      0.0      0.0      0.00              0.00         0    0.000       0      0       0.0       0.0

** Compaction Stats [default] **
Priority    Files   Size     Score Read(GB)  Rn(GB) Rnp1(GB) Write(GB) WPreComp(GB) Wnew(GB) Moved(GB) W-Amp Rd(MB/s) Wr(MB/s) Comp(sec) CompMergeCPU(sec) Comp(cnt) Avg(sec) KeyIn KeyDrop Rblob(GB) Wblob(GB)
----------------------------------------------------------------------------------------------------------------------------------------------------------------------------------------------------------------
 Low      0/0      0.00 KB   0.0     23.5     7.2     16.3      21.3      21.3      5.0       0.0   0.0     16.1     14.6   1493.70            123.92        98   15.242     23M  2274K       0.0       0.0
User      0/0      0.00 KB   0.0      0.0     0.0      0.0       0.1       0.1      0.1       0.0   0.0      0.0     41.4      1.97              0.00         2    0.983     80K      0       0.0       0.0

Blob file count: 0, total size: 0.0 GB, garbage size: 0.0 GB, space amp: 0.0

Uptime(secs): 137.2 total, 13.1 interval
Flush(GB): cumulative 0.080, interval 0.000
AddFile(GB): cumulative 0.000, interval 0.000
AddFile(Total Files): cumulative 0, interval 0
AddFile(L0 Files): cumulative 0, interval 0
AddFile(Keys): cumulative 0, interval 0
Cumulative compaction: 21.38 GB write, 159.58 MB/s write, 23.53 GB read, 175.66 MB/s read, 1495.7 seconds
Interval compaction: 0.00 GB write, 0.00 MB/s write, 0.00 GB read, 0.00 MB/s read, 0.0 seconds
Estimated pending compaction bytes: 0
Write Stall (count): cf-l0-file-count-limit-delays-with-ongoing-compaction: 0, cf-l0-file-count-limit-stops-with-ongoing-compaction: 0, l0-file-count-limit-delays: 0, l0-file-count-limit-stops: 0, memtable-limit-delays: 0, memtable-limit-stops: 0, pending-compaction-bytes-delays: 0, pending-compaction-bytes-stops: 0, total-delays: 0, total-stops: 0
Block cache AutoHyperClockCache@0x56ab93baa2d0#2017656 capacity: 512.00 MB seed: 379758368 usage: 64.00 KB table_size: 1024 occupancy: 1 collections: 1 last_copies: 2 last_secs: 8.9e-05 secs_since: 133
Block cache entry stats(count,size,portion): Misc(1,0.00 KB,0%)

** File Read Latency Histogram By Level [default] **
** Level 0 read latency histogram (micros):
Count: 1236221 Average: 3.6225  StdDev: 10.98
Min: 0  Median: 2.8990  Max: 4454
Percentiles: P50: 2.90 P75: 3.73 P99: 6.72 P99.9: 8.94 P99.99: 9.17
------------------------------------------------------
[       0,       1 ]    89580   7.246%   7.246% #
(       1,       2 ]   227647  18.415%  25.661% ####
(       2,       3 ]   334672  27.072%  52.733% #####
(       3,       4 ]   377596  30.544%  83.278% ######
(       4,       6 ]   190751  15.430%  98.708% ###
(       6,      10 ]    20030   1.620% 100.328% 
(      10,      15 ]     4921   0.398% 100.726% 
(      15,      22 ]     4403   0.356% 101.082% 
(      22,      34 ]      895   0.072% 101.155% 
(      34,      51 ]      227   0.018% 101.173% 
(      51,      76 ]       85   0.007% 101.180% 
(      76,     110 ]       72   0.006% 101.186% 
(     110,     170 ]       69   0.006% 101.191% 
(     170,     250 ]       48   0.004% 101.195% 
(     250,     380 ]       51   0.004% 101.199% 
(     380,     580 ]       22   0.002% 101.201% 
(     580,     870 ]       16   0.001% 101.202% 
(     870,    1300 ]       10   0.001% 101.203% 
(    1300,    1900 ]        5   0.000% 101.204% 
(    1900,    2900 ]        7   0.001% 101.204% 
(    2900,    4400 ]        3   0.000% 101.204% 
(    4400,    6600 ]        1   0.000% 101.204% 

** Level 1 read latency histogram (micros):
Count: 3800445 Average: 3.8269  StdDev: 2.33
Min: 0  Median: 3.3998  Max: 885
Percentiles: P50: 3.40 P75: 3.93 P99: 8.48 P99.9: 11.77 P99.99: 13.31
------------------------------------------------------
[       0,       1 ]   340185   8.951%   8.951% ##
(       1,       2 ]   313267   8.243%  17.194% ##
(       2,       3 ]   536359  14.113%  31.307% ###
(       3,       4 ]  1776802  46.752%  78.060% #########
(       4,       6 ]   746445  19.641%  97.701% ####
(       6,      10 ]    79649   2.096%  99.796% 
(      10,      15 ]    11110   0.292% 100.089% 
(      15,      22 ]     6945   0.183% 100.271% 
(      22,      34 ]      818   0.022% 100.293% 
(      34,      51 ]      101   0.003% 100.296% 
(      51,      76 ]       35   0.001% 100.297% 
(      76,     110 ]       85   0.002% 100.299% 
(     110,     170 ]       20   0.001% 100.299% 
(     170,     250 ]        4   0.000% 100.299% 
(     250,     380 ]       10   0.000% 100.300% 
(     380,     580 ]       10   0.000% 100.300% 
(     580,     870 ]       10   0.000% 100.300% 
(     870,    1300 ]        1   0.000% 100.300% 

** Level 2 read latency histogram (micros):
Count: 7596891 Average: 6.1628  StdDev: 205.09
Min: 0  Median: 3.3722  Max: 244834
Percentiles: P50: 3.37 P75: 3.98 P99: 14.66 P99.9: 141.44 P99.99: 145.79
------------------------------------------------------
[       0,       1 ]   804168  10.585%  10.585% ##
(       1,       2 ]   859113  11.309%  21.894% ##
(       2,       3 ]   968551  12.749%  34.644% ###
(       3,       4 ]  3134686  41.263%  75.906% ########
(       4,       6 ]  1587431  20.896%  96.802% ####
(       6,      10 ]   147112   1.936%  98.739% 
(      10,      15 ]    21320   0.281%  99.019% 
(      15,      22 ]    12570   0.165%  99.185% 
(      22,      34 ]     1519   0.020%  99.205% 
(      34,      51 ]      191   0.003%  99.207% 
(      51,      76 ]       79   0.001%  99.208% 
(      76,     110 ]     3131   0.041%  99.249% 
(     110,     170 ]    94315   1.241% 100.491% 
(     170,     250 ]    11708   0.154% 100.645% 
(     250,     380 ]     1134   0.015% 100.660% 
(     380,     580 ]      308   0.004% 100.664% 
(     580,     870 ]      262   0.003% 100.667% 
(     870,    1300 ]      163   0.002% 100.670% 
(    1300,    1900 ]       64   0.001% 100.670% 
(    1900,    2900 ]       66   0.001% 100.671% 
(    2900,    4400 ]       30   0.000% 100.672% 
(    4400,    6600 ]       10   0.000% 100.672% 
(    6600,    9900 ]       14   0.000% 100.672% 
(    9900,   14000 ]        4   0.000% 100.672% 
(   14000,   22000 ]        4   0.000% 100.672% 
(   22000,   33000 ]        6   0.000% 100.672% 
(   33000,   50000 ]        3   0.000% 100.672% 
(   50000,   75000 ]       10   0.000% 100.672% 
(   75000,  110000 ]        5   0.000% 100.672% 
(  110000,  170000 ]        2   0.000% 100.672% 
(  170000,  250000 ]        4   0.000% 100.673% 

** Level 3 read latency histogram (micros):
Count: 8196569 Average: 299.4401  StdDev: 10336.84
Min: 0  Median: 4.8211  Max: 4379957
Percentiles: P50: 4.82 P75: 140.01 P99: 1066.30 P99.9: 1954.54 P99.99: 2178.86
------------------------------------------------------
[       0,       1 ]   260200   3.174%   3.174% #
(       1,       2 ]  1067988  13.030%  16.204% ###
(       2,       3 ]   683886   8.344%  24.548% ##
(       3,       4 ]  1587835  19.372%  43.920% ####
(       4,       6 ]  1213883  14.810%  58.729% ###
(       6,      10 ]   116853   1.426%  60.155% 
(      10,      15 ]    14589   0.178%  60.333% 
(      15,      22 ]     7834   0.096%  60.429% 
(      22,      34 ]     1661   0.020%  60.449% 
(      34,      51 ]     1754   0.021%  60.470% 
(      51,      76 ]     4982   0.061%  60.531% 
(      76,     110 ]    73768   0.900%  61.431% 
(     110,     170 ]  2223925  27.132%  88.563% #####
(     170,     250 ]   425045   5.186%  93.749% #
(     250,     380 ]   181619   2.216%  95.965% 
(     380,     580 ]   128563   1.568%  97.533% 
(     580,     870 ]    91691   1.119%  98.652% 
(     870,    1300 ]    62500   0.763%  99.414% 
(    1300,    1900 ]    38007   0.464%  99.878% 
(    1900,    2900 ]    32885   0.401% 100.279% 
(    2900,    4400 ]    16209   0.198% 100.477% 
(    4400,    6600 ]     9509   0.116% 100.593% 
(    6600,    9900 ]     4901   0.060% 100.653% 
(    9900,   14000 ]     2849   0.035% 100.688% 
(   14000,   22000 ]     3356   0.041% 100.729% 
(   22000,   33000 ]     3039   0.037% 100.766% 
(   33000,   50000 ]     2873   0.035% 100.801% 
(   50000,   75000 ]     2492   0.030% 100.831% 
(   75000,  110000 ]     1923   0.023% 100.855% 
(  110000,  170000 ]     1378   0.017% 100.871% 
(  170000,  250000 ]      862   0.011% 100.882% 
(  250000,  380000 ]      549   0.007% 100.889% 
(  380000,  570000 ]      232   0.003% 100.891% 
(  570000,  860000 ]       33   0.000% 100.892% 
(  860000, 1200000 ]       40   0.000% 100.892% 
( 1200000, 1900000 ]       34   0.000% 100.893% 
( 1900000, 2900000 ]       11   0.000% 100.893% 
( 2900000, 4300000 ]       32   0.000% 100.893% 
( 4300000, 6500000 ]        2   0.000% 100.893% 


** DB Stats **
Uptime(secs): 137.2 total, 13.1 interval
Cumulative writes: 0 writes, 0 keys, 0 commit groups, 0.0 writes per commit group, ingest: 0.00 GB, 0.00 MB/s
Cumulative WAL: 0 writes, 0 syncs, 0.00 writes per sync, written: 0.00 GB, 0.00 MB/s
Cumulative stall: 00:00:0.000 H:M:S, 0.0 percent
Interval writes: 0 writes, 0 keys, 0 commit groups, 0.0 writes per commit group, ingest: 0.00 MB, 0.00 MB/s
Interval WAL: 0 writes, 0 syncs, 0.00 writes per sync, written: 0.00 GB, 0.00 MB/s
Interval stall: 00:00:0.000 H:M:S, 0.0 percent
Write Stall (count): write-buffer-manager-limit-stops: 0
num-running-compactions: 0
num-running-flushes: 0

2026/08/31-02:11:53  ... thread 8: (275000,408000) ops and (9139.9,3063.6) ops/second in (30.087754,133.175265) seconds
2026/08/31-02:11:53  ... thread 13: (274000,408000) ops and (9131.0,3062.9) ops/second in (30.007694,133.205148) seconds
2026/08/31-02:12:13  ... thread 9: (256000,572000) ops and (8511.0,3749.6) ops/second in (30.078844,152.548410) seconds
2026/08/31-02:12:15  ... thread 12: (255000,589000) ops and (8494.9,3802.8) ops/second in (30.018025,154.884644) seconds
2026/08/31-02:12:15  ... thread 6: (255000,590000) ops and (8472.0,3808.5) ops/second in (30.099249,154.915874) seconds
2026/08/31-02:12:16  ... thread 1: (253000,600000) ops and (8418.1,3843.7) ops/second in (30.054416,156.098955) seconds
2026/08/31-02:12:17  ... thread 3: (253000,607000) ops and (8428.8,3868.5) ops/second in (30.016282,156.908649) seconds
2026/08/31-02:12:20  ... thread 2: (252000,627000) ops and (8386.2,3931.9) ops/second in (30.049502,159.465833) seconds
2026/08/31-02:12:21  ... thread 15: (253000,637000) ops and (8402.8,3970.1) ops/second in (30.108991,160.448845) seconds
2026/08/31-02:12:21  ... thread 10: (253000,644000) ops and (8433.3,3998.5) ops/second in (30.000245,161.059133) seconds
2026/08/31-02:12:22  ... thread 7: (252000,646000) ops and (8383.2,3994.1) ops/second in (30.060010,161.739947) seconds
2026/08/31-02:12:22  ... thread 14: (254000,648000) ops and (8442.6,4005.9) ops/second in (30.085613,161.762232) seconds
2026/08/31-02:12:22  ... thread 11: (253000,652000) ops and (8406.2,4019.3) ops/second in (30.096842,162.215295) seconds
2026/08/31-02:12:23  ... thread 4: (253000,657000) ops and (8408.8,4032.6) ops/second in (30.087584,162.922244) seconds
2026/08/31-02:12:23  ... thread 5: (253000,660000) ops and (8410.9,4046.6) ops/second in (30.079900,163.099585) seconds
2026/08/31-02:12:23  ... thread 0: (254000,662000) ops and (8456.9,4056.6) ops/second in (30.034604,163.192231) seconds

** Compaction Stats [default] **
Level    Files   Size     Score Read(GB)  Rn(GB) Rnp1(GB) Write(GB) WPreComp(GB) Wnew(GB) Moved(GB) W-Amp Rd(MB/s) Wr(MB/s) Comp(sec) CompMergeCPU(sec) Comp(cnt) Avg(sec) KeyIn KeyDrop Rblob(GB) Wblob(GB)
-------------------------------------------------------------------------------------------------------------------------------------------------------------------------------------------------------------
  L0      0/0      0.00 KB   0.0      0.0     0.0      0.0       0.1       0.1      0.1       0.0   1.0      0.0     41.4      1.97              0.00         2    0.983     80K      0       0.0       0.0
  L1     21/0   1004.40 MB   1.0      2.7     1.7      1.0       2.6       2.6      1.6       0.0   1.6    166.0    164.3     16.38             10.17         1   16.378   2701K    27K       0.0       0.0
  L2    176/0      9.99 GB   1.0      7.0     1.6      5.4       6.9       6.9      1.5       0.0   4.2     18.6     18.1    387.92             22.40        29   13.376   7162K   184K       0.0       0.0
  L3   1135/0     59.34 GB   0.6     13.8     3.9      9.9      11.8      11.8      1.9       0.0   3.0     13.0     11.1   1089.41             91.35        68   16.021     14M  2062K       0.0       0.0
 Sum   1332/0     70.32 GB   0.0     23.5     7.2     16.3      21.4      21.4      5.1       0.0 268.6     16.1     14.6   1495.67            123.92       100   14.957     24M  2274K       0.0       0.0
 Int      0/0      0.00 KB   0.0      0.0     0.0      0.0       0.0       0.0      0.0       0.0   0.0      0.0      0.0      0.00              0.00         0    0.000       0      0       0.0       0.0

** Compaction Stats [default] **
Priority    Files   Size     Score Read(GB)  Rn(GB) Rnp1(GB) Write(GB) WPreComp(GB) Wnew(GB) Moved(GB) W-Amp Rd(MB/s) Wr(MB/s) Comp(sec) CompMergeCPU(sec) Comp(cnt) Avg(sec) KeyIn KeyDrop Rblob(GB) Wblob(GB)
----------------------------------------------------------------------------------------------------------------------------------------------------------------------------------------------------------------
 Low      0/0      0.00 KB   0.0     23.5     7.2     16.3      21.3      21.3      5.0       0.0   0.0     16.1     14.6   1493.70            123.92        98   15.242     23M  2274K       0.0       0.0
User      0/0      0.00 KB   0.0      0.0     0.0      0.0       0.1       0.1      0.1       0.0   0.0      0.0     41.4      1.97              0.00         2    0.983     80K      0       0.0       0.0

Blob file count: 0, total size: 0.0 GB, garbage size: 0.0 GB, space amp: 0.0

Uptime(secs): 167.2 total, 43.2 interval
Flush(GB): cumulative 0.080, interval 0.000
AddFile(GB): cumulative 0.000, interval 0.000
AddFile(Total Files): cumulative 0, interval 0
AddFile(L0 Files): cumulative 0, interval 0
AddFile(Keys): cumulative 0, interval 0
Cumulative compaction: 21.38 GB write, 130.91 MB/s write, 23.53 GB read, 144.11 MB/s read, 1495.7 seconds
Interval compaction: 0.00 GB write, 0.00 MB/s write, 0.00 GB read, 0.00 MB/s read, 0.0 seconds
Estimated pending compaction bytes: 0
Write Stall (count): cf-l0-file-count-limit-delays-with-ongoing-compaction: 0, cf-l0-file-count-limit-stops-with-ongoing-compaction: 0, l0-file-count-limit-delays: 0, l0-file-count-limit-stops: 0, memtable-limit-delays: 0, memtable-limit-stops: 0, pending-compaction-bytes-delays: 0, pending-compaction-bytes-stops: 0, total-delays: 0, total-stops: 0
Block cache AutoHyperClockCache@0x56ab93baa2d0#2017656 capacity: 512.00 MB seed: 379758368 usage: 64.00 KB table_size: 1024 occupancy: 1 collections: 1 last_copies: 2 last_secs: 8.9e-05 secs_since: 163
Block cache entry stats(count,size,portion): Misc(1,0.00 KB,0%)

** File Read Latency Histogram By Level [default] **
** Level 0 read latency histogram (micros):
Count: 1236221 Average: 3.6225  StdDev: 10.98
Min: 0  Median: 2.8990  Max: 4454
Percentiles: P50: 2.90 P75: 3.73 P99: 6.72 P99.9: 8.94 P99.99: 9.17
------------------------------------------------------
[       0,       1 ]    89580   7.246%   7.246% #
(       1,       2 ]   227647  18.415%  25.661% ####
(       2,       3 ]   334672  27.072%  52.733% #####
(       3,       4 ]   377596  30.544%  83.278% ######
(       4,       6 ]   190751  15.430%  98.708% ###
(       6,      10 ]    20030   1.620% 100.328% 
(      10,      15 ]     4921   0.398% 100.726% 
(      15,      22 ]     4403   0.356% 101.082% 
(      22,      34 ]      895   0.072% 101.155% 
(      34,      51 ]      227   0.018% 101.173% 
(      51,      76 ]       85   0.007% 101.180% 
(      76,     110 ]       72   0.006% 101.186% 
(     110,     170 ]       69   0.006% 101.191% 
(     170,     250 ]       48   0.004% 101.195% 
(     250,     380 ]       51   0.004% 101.199% 
(     380,     580 ]       22   0.002% 101.201% 
(     580,     870 ]       16   0.001% 101.202% 
(     870,    1300 ]       10   0.001% 101.203% 
(    1300,    1900 ]        5   0.000% 101.204% 
(    1900,    2900 ]        7   0.001% 101.204% 
(    2900,    4400 ]        3   0.000% 101.204% 
(    4400,    6600 ]        1   0.000% 101.204% 

** Level 1 read latency histogram (micros):
Count: 5690217 Average: 3.9594  StdDev: 2.57
Min: 0  Median: 3.4562  Max: 885
Percentiles: P50: 3.46 P75: 3.94 P99: 8.24 P99.9: 11.80 P99.99: 13.33
------------------------------------------------------
[       0,       1 ]   340635   5.986%   5.986% #
(       1,       2 ]   346791   6.095%  12.081% #
(       2,       3 ]   824849  14.496%  26.577% ###
(       3,       4 ]  2921631  51.345%  77.922% ##########
(       4,       6 ]  1141622  20.063%  97.984% ####
(       6,      10 ]   102976   1.810%  99.794% 
(      10,      15 ]    16752   0.294% 100.089% 
(      15,      22 ]     8504   0.149% 100.238% 
(      22,      34 ]      922   0.016% 100.254% 
(      34,      51 ]      146   0.003% 100.257% 
(      51,      76 ]       41   0.001% 100.257% 
(      76,     110 ]      130   0.002% 100.260% 
(     110,     170 ]      694   0.012% 100.272% 
(     170,     250 ]       84   0.001% 100.273% 
(     250,     380 ]       17   0.000% 100.274% 
(     380,     580 ]       10   0.000% 100.274% 
(     580,     870 ]       10   0.000% 100.274% 
(     870,    1300 ]        1   0.000% 100.274% 

** Level 2 read latency histogram (micros):
Count: 10817099 Average: 10.5266  StdDev: 174.66
Min: 0  Median: 3.5090  Max: 244834
Percentiles: P50: 3.51 P75: 4.27 P99: 153.79 P99.9: 167.15 P99.99: 168.49
------------------------------------------------------
[       0,       1 ]   804328   7.436%   7.436% #
(       1,       2 ]   877123   8.109%  15.544% ##
(       2,       3 ]  1246008  11.519%  27.063% ##
(       3,       4 ]  4874819  45.066%  72.129% #########
(       4,       6 ]  2331475  21.554%  93.683% ####
(       6,      10 ]   193097   1.785%  95.468% 
(      10,      15 ]    30347   0.281%  95.748% 
(      15,      22 ]    15010   0.139%  95.887% 
(      22,      34 ]     1699   0.016%  95.903% 
(      34,      51 ]      237   0.002%  95.905% 
(      51,      76 ]       91   0.001%  95.906% 
(      76,     110 ]    15589   0.144%  96.050% 
(     110,     170 ]   437227   4.042% 100.092% #
(     170,     250 ]    50662   0.468% 100.560% 
(     250,     380 ]     3804   0.035% 100.596% 
(     380,     580 ]      369   0.003% 100.599% 
(     580,     870 ]      274   0.003% 100.601% 
(     870,    1300 ]      170   0.002% 100.603% 
(    1300,    1900 ]       73   0.001% 100.604% 
(    1900,    2900 ]       90   0.001% 100.605% 
(    2900,    4400 ]       54   0.000% 100.605% 
(    4400,    6600 ]       20   0.000% 100.605% 
(    6600,    9900 ]       62   0.001% 100.606% 
(    9900,   14000 ]        4   0.000% 100.606% 
(   14000,   22000 ]        4   0.000% 100.606% 
(   22000,   33000 ]        6   0.000% 100.606% 
(   33000,   50000 ]        3   0.000% 100.606% 
(   50000,   75000 ]       10   0.000% 100.606% 
(   75000,  110000 ]        5   0.000% 100.606% 
(  110000,  170000 ]        2   0.000% 100.606% 
(  170000,  250000 ]        4   0.000% 100.606% 

** Level 3 read latency histogram (micros):
Count: 11761836 Average: 231.5118  StdDev: 8629.91
Min: 0  Median: 5.3760  Max: 4379957
Percentiles: P50: 5.38 P75: 141.30 P99: 786.22 P99.9: 1565.25 P99.99: 1732.20
------------------------------------------------------
[       0,       1 ]   260208   2.212%   2.212% 
(       1,       2 ]  1070712   9.103%  11.316% ##
(       2,       3 ]   732208   6.225%  17.541% #
(       3,       4 ]  2484822  21.126%  38.667% ####
(       4,       6 ]  1937435  16.472%  55.139% ###
(       6,      10 ]   176184   1.498%  56.637% 
(      10,      15 ]    20645   0.176%  56.813% 
(      15,      22 ]     9608   0.082%  56.894% 
(      22,      34 ]     1783   0.015%  56.910% 
(      34,      51 ]     1790   0.015%  56.925% 
(      51,      76 ]     4987   0.042%  56.967% 
(      76,     110 ]   145595   1.238%  58.205% 
(     110,     170 ]  3786409  32.192%  90.397% ######
(     170,     250 ]   622411   5.292%  95.689% #
(     250,     380 ]   195247   1.660%  97.349% 
(     380,     580 ]   128942   1.096%  98.445% 
(     580,     870 ]    91739   0.780%  99.225% 
(     870,    1300 ]    62536   0.532%  99.757% 
(    1300,    1900 ]    38043   0.323% 100.080% 
(    1900,    2900 ]    33019   0.281% 100.361% 
(    2900,    4400 ]    16360   0.139% 100.500% 
(    4400,    6600 ]     9560   0.081% 100.582% 
(    6600,    9900 ]     5166   0.044% 100.626% 
(    9900,   14000 ]     2849   0.024% 100.650% 
(   14000,   22000 ]     3356   0.029% 100.678% 
(   22000,   33000 ]     3039   0.026% 100.704% 
(   33000,   50000 ]     2873   0.024% 100.729% 
(   50000,   75000 ]     2492   0.021% 100.750% 
(   75000,  110000 ]     1923   0.016% 100.766% 
(  110000,  170000 ]     1378   0.012% 100.778% 
(  170000,  250000 ]      862   0.007% 100.785% 
(  250000,  380000 ]      549   0.005% 100.790% 
(  380000,  570000 ]      232   0.002% 100.792% 
(  570000,  860000 ]       33   0.000% 100.792% 
(  860000, 1200000 ]       40   0.000% 100.792% 
( 1200000, 1900000 ]       34   0.000% 100.793% 
( 1900000, 2900000 ]       11   0.000% 100.793% 
( 2900000, 4300000 ]       32   0.000% 100.793% 
( 4300000, 6500000 ]        2   0.000% 100.793% 


** DB Stats **
Uptime(secs): 167.2 total, 30.0 interval
Cumulative writes: 0 writes, 0 keys, 0 commit groups, 0.0 writes per commit group, ingest: 0.00 GB, 0.00 MB/s
Cumulative WAL: 0 writes, 0 syncs, 0.00 writes per sync, written: 0.00 GB, 0.00 MB/s
Cumulative stall: 00:00:0.000 H:M:S, 0.0 percent
Interval writes: 0 writes, 0 keys, 0 commit groups, 0.0 writes per commit group, ingest: 0.00 MB, 0.00 MB/s
Interval WAL: 0 writes, 0 syncs, 0.00 writes per sync, written: 0.00 GB, 0.00 MB/s
Interval stall: 00:00:0.000 H:M:S, 0.0 percent
Write Stall (count): write-buffer-manager-limit-stops: 0
num-running-compactions: 0
num-running-flushes: 0

2026/08/31-02:12:23  ... thread 8: (253000,661000) ops and (8419.1,4049.6) ops/second in (30.050629,163.225894) seconds
2026/08/31-02:12:24  ... thread 13: (254000,662000) ops and (8434.6,4053.4) ops/second in (30.114015,163.319163) seconds
2026/08/31-02:12:43  ... thread 9: (257000,829000) ops and (8539.2,4538.9) ops/second in (30.096477,182.644887) seconds
2026/08/31-02:12:45  ... thread 12: (259000,848000) ops and (8604.9,4584.2) ops/second in (30.099240,184.983884) seconds
2026/08/31-02:12:45  ... thread 6: (259000,849000) ops and (8613.0,4589.5) ops/second in (30.070957,184.986831) seconds
2026/08/31-02:12:46  ... thread 1: (258000,858000) ops and (8595.2,4610.0) ops/second in (30.016864,186.115819) seconds
2026/08/31-02:12:47  ... thread 3: (261000,868000) ops and (8688.5,4643.0) ops/second in (30.039852,186.948501) seconds
2026/08/31-02:12:50  ... thread 2: (260000,887000) ops and (8657.3,4680.8) ops/second in (30.032424,189.498257) seconds
2026/08/31-02:12:51  ... thread 15: (261000,898000) ops and (8679.1,4713.4) ops/second in (30.072199,190.521044) seconds
2026/08/31-02:12:51  ... thread 10: (259000,903000) ops and (8630.9,4726.1) ops/second in (30.008353,191.067486) seconds
2026/08/31-02:12:52  ... thread 14: (261000,909000) ops and (8686.3,4739.1) ops/second in (30.047440,191.809672) seconds
2026/08/31-02:12:52  ... thread 7: (263000,909000) ops and (8734.3,4738.0) ops/second in (30.111327,191.851274) seconds
2026/08/31-02:12:52  ... thread 11: (260000,912000) ops and (8652.7,4743.5) ops/second in (30.048280,192.263575) seconds
2026/08/31-02:12:53  ... thread 4: (262000,919000) ops and (8707.5,4761.4) ops/second in (30.089092,193.011336) seconds
2026/08/31-02:12:53  ... thread 5: (262000,922000) ops and (8730.4,4774.5) ops/second in (30.010008,193.109593) seconds
2026/08/31-02:12:53  ... thread 0: (261000,923000) ops and (8693.5,4777.1) ops/second in (30.022418,193.214649) seconds

** Compaction Stats [default] **
Level    Files   Size     Score Read(GB)  Rn(GB) Rnp1(GB) Write(GB) WPreComp(GB) Wnew(GB) Moved(GB) W-Amp Rd(MB/s) Wr(MB/s) Comp(sec) CompMergeCPU(sec) Comp(cnt) Avg(sec) KeyIn KeyDrop Rblob(GB) Wblob(GB)
-------------------------------------------------------------------------------------------------------------------------------------------------------------------------------------------------------------
  L0      0/0      0.00 KB   0.0      0.0     0.0      0.0       0.1       0.1      0.1       0.0   1.0      0.0     41.4      1.97              0.00         2    0.983     80K      0       0.0       0.0
  L1     21/0   1004.40 MB   1.0      2.7     1.7      1.0       2.6       2.6      1.6       0.0   1.6    166.0    164.3     16.38             10.17         1   16.378   2701K    27K       0.0       0.0
  L2    176/0      9.99 GB   1.0      7.0     1.6      5.4       6.9       6.9      1.5       0.0   4.2     18.6     18.1    387.92             22.40        29   13.376   7162K   184K       0.0       0.0
  L3   1135/0     59.34 GB   0.6     13.8     3.9      9.9      11.8      11.8      1.9       0.0   3.0     13.0     11.1   1089.41             91.35        68   16.021     14M  2062K       0.0       0.0
 Sum   1332/0     70.32 GB   0.0     23.5     7.2     16.3      21.4      21.4      5.1       0.0 268.6     16.1     14.6   1495.67            123.92       100   14.957     24M  2274K       0.0       0.0
 Int      0/0      0.00 KB   0.0      0.0     0.0      0.0       0.0       0.0      0.0       0.0   0.0      0.0      0.0      0.00              0.00         0    0.000       0      0       0.0       0.0

** Compaction Stats [default] **
Priority    Files   Size     Score Read(GB)  Rn(GB) Rnp1(GB) Write(GB) WPreComp(GB) Wnew(GB) Moved(GB) W-Amp Rd(MB/s) Wr(MB/s) Comp(sec) CompMergeCPU(sec) Comp(cnt) Avg(sec) KeyIn KeyDrop Rblob(GB) Wblob(GB)
----------------------------------------------------------------------------------------------------------------------------------------------------------------------------------------------------------------
 Low      0/0      0.00 KB   0.0     23.5     7.2     16.3      21.3      21.3      5.0       0.0   0.0     16.1     14.6   1493.70            123.92        98   15.242     23M  2274K       0.0       0.0
User      0/0      0.00 KB   0.0      0.0     0.0      0.0       0.1       0.1      0.1       0.0   0.0      0.0     41.4      1.97              0.00         2    0.983     80K      0       0.0       0.0

Blob file count: 0, total size: 0.0 GB, garbage size: 0.0 GB, space amp: 0.0

Uptime(secs): 197.2 total, 13.2 interval
Flush(GB): cumulative 0.080, interval 0.000
AddFile(GB): cumulative 0.000, interval 0.000
AddFile(Total Files): cumulative 0, interval 0
AddFile(L0 Files): cumulative 0, interval 0
AddFile(Keys): cumulative 0, interval 0
Cumulative compaction: 21.38 GB write, 110.99 MB/s write, 23.53 GB read, 122.18 MB/s read, 1495.7 seconds
Interval compaction: 0.00 GB write, 0.00 MB/s write, 0.00 GB read, 0.00 MB/s read, 0.0 seconds
Estimated pending compaction bytes: 0
Write Stall (count): cf-l0-file-count-limit-delays-with-ongoing-compaction: 0, cf-l0-file-count-limit-stops-with-ongoing-compaction: 0, l0-file-count-limit-delays: 0, l0-file-count-limit-stops: 0, memtable-limit-delays: 0, memtable-limit-stops: 0, pending-compaction-bytes-delays: 0, pending-compaction-bytes-stops: 0, total-delays: 0, total-stops: 0
Block cache AutoHyperClockCache@0x56ab93baa2d0#2017656 capacity: 512.00 MB seed: 379758368 usage: 511.91 MB table_size: 203444 occupancy: 121991 collections: 2 last_copies: 0 last_secs: 0.017647 secs_since: 13
Block cache entry stats(count,size,portion): DataBlock(121916,499.20 MB,97.4995%) Misc(1,0.00 KB,0%)

** File Read Latency Histogram By Level [default] **
** Level 0 read latency histogram (micros):
Count: 1236221 Average: 3.6225  StdDev: 10.98
Min: 0  Median: 2.8990  Max: 4454
Percentiles: P50: 2.90 P75: 3.73 P99: 6.72 P99.9: 8.94 P99.99: 9.17
------------------------------------------------------
[       0,       1 ]    89580   7.246%   7.246% #
(       1,       2 ]   227647  18.415%  25.661% ####
(       2,       3 ]   334672  27.072%  52.733% #####
(       3,       4 ]   377596  30.544%  83.278% ######
(       4,       6 ]   190751  15.430%  98.708% ###
(       6,      10 ]    20030   1.620% 100.328% 
(      10,      15 ]     4921   0.398% 100.726% 
(      15,      22 ]     4403   0.356% 101.082% 
(      22,      34 ]      895   0.072% 101.155% 
(      34,      51 ]      227   0.018% 101.173% 
(      51,      76 ]       85   0.007% 101.180% 
(      76,     110 ]       72   0.006% 101.186% 
(     110,     170 ]       69   0.006% 101.191% 
(     170,     250 ]       48   0.004% 101.195% 
(     250,     380 ]       51   0.004% 101.199% 
(     380,     580 ]       22   0.002% 101.201% 
(     580,     870 ]       16   0.001% 101.202% 
(     870,    1300 ]       10   0.001% 101.203% 
(    1300,    1900 ]        5   0.000% 101.204% 
(    1900,    2900 ]        7   0.001% 101.204% 
(    2900,    4400 ]        3   0.000% 101.204% 
(    4400,    6600 ]        1   0.000% 101.204% 

** Level 1 read latency histogram (micros):
Count: 7644615 Average: 4.0193  StdDev: 2.37
Min: 0  Median: 3.4821  Max: 885
Percentiles: P50: 3.48 P75: 3.95 P99: 8.08 P99.9: 11.77 P99.99: 13.30
------------------------------------------------------
[       0,       1 ]   340940   4.460%   4.460% #
(       1,       2 ]   379068   4.959%   9.418% #
(       2,       3 ]  1126616  14.737%  24.156% ###
(       3,       4 ]  4098386  53.611%  77.767% ###########
(       4,       6 ]  1556951  20.367%  98.134% ####
(       6,      10 ]   127050   1.662%  99.796% 
(      10,      15 ]    22483   0.294% 100.090% 
(      15,      22 ]    10750   0.141% 100.231% 
(      22,      34 ]     1041   0.014% 100.244% 
(      34,      51 ]      177   0.002% 100.247% 
(      51,      76 ]       44   0.001% 100.247% 
(      76,     110 ]      172   0.002% 100.249% 
(     110,     170 ]      808   0.011% 100.260% 
(     170,     250 ]      102   0.001% 100.261% 
(     250,     380 ]       19   0.000% 100.262% 
(     380,     580 ]       10   0.000% 100.262% 
(     580,     870 ]       10   0.000% 100.262% 
(     870,    1300 ]        1   0.000% 100.262% 

** Level 2 read latency histogram (micros):
Count: 14143332 Average: 10.6481  StdDev: 153.79
Min: 0  Median: 3.5602  Max: 244834
Percentiles: P50: 3.56 P75: 4.34 P99: 154.61 P99.9: 167.68 P99.99: 168.99
------------------------------------------------------
[       0,       1 ]   804465   5.688%   5.688% #
(       1,       2 ]   894247   6.323%  12.011% #
(       2,       3 ]  1564118  11.059%  23.070% ##
(       3,       4 ]  6799112  48.073%  71.143% ##########
(       4,       6 ]  3176863  22.462%  93.605% ####
(       6,      10 ]   245437   1.735%  95.340% 
(      10,      15 ]    40079   0.283%  95.623% 
(      15,      22 ]    18992   0.134%  95.758% 
(      22,      34 ]     1877   0.013%  95.771% 
(      34,      51 ]      293   0.002%  95.773% 
(      51,      76 ]      101   0.001%  95.774% 
(      76,     110 ]    22019   0.156%  95.929% 
(     110,     170 ]   584178   4.130% 100.060% #
(     170,     250 ]    65527   0.463% 100.523% 
(     250,     380 ]     4770   0.034% 100.557% 
(     380,     580 ]      401   0.003% 100.560% 
(     580,     870 ]      288   0.002% 100.562% 
(     870,    1300 ]      182   0.001% 100.563% 
(    1300,    1900 ]       77   0.001% 100.563% 
(    1900,    2900 ]      104   0.001% 100.564% 
(    2900,    4400 ]       69   0.000% 100.565% 
(    4400,    6600 ]       24   0.000% 100.565% 
(    6600,    9900 ]       85   0.001% 100.565% 
(    9900,   14000 ]        4   0.000% 100.565% 
(   14000,   22000 ]        4   0.000% 100.566% 
(   22000,   33000 ]        6   0.000% 100.566% 
(   33000,   50000 ]        3   0.000% 100.566% 
(   50000,   75000 ]       10   0.000% 100.566% 
(   75000,  110000 ]        5   0.000% 100.566% 
(  110000,  170000 ]        2   0.000% 100.566% 
(  170000,  250000 ]        4   0.000% 100.566% 

** Level 3 read latency histogram (micros):
Count: 15447872 Average: 195.2527  StdDev: 7530.69
Min: 0  Median: 5.7152  Max: 4379957
Percentiles: P50: 5.72 P75: 142.51 P99: 605.96 P99.9: 1249.14 P99.99: 1402.10
------------------------------------------------------
[       0,       1 ]   260215   1.684%   1.684% 
(       1,       2 ]  1072998   6.946%   8.630% #
(       2,       3 ]   779867   5.048%  13.679% #
(       3,       4 ]  3377124  21.861%  35.540% ####
(       4,       6 ]  2604561  16.860%  52.401% ###
(       6,      10 ]   229533   1.486%  53.886% 
(      10,      15 ]    25948   0.168%  54.054% 
(      15,      22 ]    11996   0.078%  54.132% 
(      22,      34 ]     1883   0.012%  54.144% 
(      34,      51 ]     1819   0.012%  54.156% 
(      51,      76 ]     4996   0.032%  54.188% 
(      76,     110 ]   221570   1.434%  55.623% 
(     110,     170 ]  5524556  35.763%  91.385% #######
(     170,     250 ]   829451   5.369%  96.755% #
(     250,     380 ]   209055   1.353%  98.108% 
(     380,     580 ]   129588   0.839%  98.947% 
(     580,     870 ]    91996   0.596%  99.542% 
(     870,    1300 ]    62684   0.406%  99.948% 
(    1300,    1900 ]    38136   0.247% 100.195% 
(    1900,    2900 ]    33153   0.215% 100.409% 
(    2900,    4400 ]    16478   0.107% 100.516% 
(    4400,    6600 ]     9615   0.062% 100.578% 
(    6600,    9900 ]     5410   0.035% 100.613% 
(    9900,   14000 ]     2849   0.018% 100.632% 
(   14000,   22000 ]     3356   0.022% 100.654% 
(   22000,   33000 ]     3039   0.020% 100.673% 
(   33000,   50000 ]     2873   0.019% 100.692% 
(   50000,   75000 ]     2492   0.016% 100.708% 
(   75000,  110000 ]     1923   0.012% 100.720% 
(  110000,  170000 ]     1378   0.009% 100.729% 
(  170000,  250000 ]      862   0.006% 100.735% 
(  250000,  380000 ]      549   0.004% 100.738% 
(  380000,  570000 ]      232   0.002% 100.740% 
(  570000,  860000 ]       33   0.000% 100.740% 
(  860000, 1200000 ]       40   0.000% 100.740% 
( 1200000, 1900000 ]       34   0.000% 100.741% 
( 1900000, 2900000 ]       11   0.000% 100.741% 
( 2900000, 4300000 ]       32   0.000% 100.741% 
( 4300000, 6500000 ]        2   0.000% 100.741% 


** DB Stats **
Uptime(secs): 197.2 total, 13.2 interval
Cumulative writes: 0 writes, 0 keys, 0 commit groups, 0.0 writes per commit group, ingest: 0.00 GB, 0.00 MB/s
Cumulative WAL: 0 writes, 0 syncs, 0.00 writes per sync, written: 0.00 GB, 0.00 MB/s
Cumulative stall: 00:00:0.000 H:M:S, 0.0 percent
Interval writes: 0 writes, 0 keys, 0 commit groups, 0.0 writes per commit group, ingest: 0.00 MB, 0.00 MB/s
Interval WAL: 0 writes, 0 syncs, 0.00 writes per sync, written: 0.00 GB, 0.00 MB/s
Interval stall: 00:00:0.000 H:M:S, 0.0 percent
Write Stall (count): write-buffer-manager-limit-stops: 0
num-running-compactions: 0
num-running-flushes: 0

2026/08/31-02:12:53  ... thread 8: (262000,923000) ops and (8719.6,4775.6) ops/second in (30.047209,193.273103) seconds
2026/08/31-02:12:54  ... thread 13: (262000,924000) ops and (8707.6,4777.5) ops/second in (30.088609,193.407772) seconds
Set seed to 1788113376683808 because --seed was 0
Initializing RocksDB Options from the specified file
Initializing RocksDB Options from command-line flags
Integrated BlobDB: blob cache disabled
Keys:       16 bytes each (+ 0 bytes user-defined timestamp)
Values:     1024 bytes each (512 bytes after compression)
Entries:    103244288
Prefix:    0 bytes
Keys per prefix:    0
RawSize:    102399.9 MB (estimated)
FileSize:   51987.6 MB (estimated)
Write rate: 0 bytes/second
Read rate: 0 ops/second
Compression: NoCompression
Compression sampling rate: 0
Memtablerep: SkipListFactory
Perf Level: 1
------------------------------------------------
DB path: [/tmp/l0exp_base1g]
readrandom   :     202.118 micros/op 79059 ops/sec 202.380 seconds 16000000 operations;   49.6 MB/s (631468 of 1000000 found)

Microseconds per read:
Count: 16000000 Average: 202.1186  StdDev: 5829.88
Min: 3  Median: 107.0967  Max: 4380155
Percentiles: P50: 107.10 P75: 194.23 P99: 853.26 P99.9: 8154.96 P99.99: 144531.10
------------------------------------------------------
(       2,       3 ]        8   0.000%   0.000% 
(       3,       4 ]       27   0.000%   0.000% 
(       4,       6 ]      230   0.001%   0.002% 
(       6,      10 ]    19081   0.119%   0.121% 
(      10,      15 ]    66788   0.417%   0.538% 
(      15,      22 ]  1177561   7.360%   7.898% #
(      22,      34 ]  2260267  14.127%  22.025% ###
(      34,      51 ]  3249924  20.312%  42.337% ####
(      51,      76 ]  1094704   6.842%  49.179% #
(      76,     110 ]   143679   0.898%  50.077% 
(     110,     170 ]  2776593  17.354%  67.430% ###
(     170,     250 ]  3998627  24.991%  92.422% #####
(     250,     380 ]   792125   4.951%  97.373% #
(     380,     580 ]   180874   1.130%  98.503% 
(     580,     870 ]    84384   0.527%  99.030% 
(     870,    1300 ]    55491   0.347%  99.377% 
(    1300,    1900 ]    31025   0.194%  99.571% 
(    1900,    2900 ]    29917   0.187%  99.758% 
(    2900,    4400 ]    13331   0.083%  99.841% 
(    4400,    6600 ]     7327   0.046%  99.887% 
(    6600,    9900 ]     4323   0.027%  99.914% 
(    9900,   14000 ]     1896   0.012%  99.926% 
(   14000,   22000 ]     2299   0.014%  99.941% 
(   22000,   33000 ]     2045   0.013%  99.953% 
(   33000,   50000 ]     2003   0.013%  99.966% 
(   50000,   75000 ]     1845   0.012%  99.977% 
(   75000,  110000 ]     1443   0.009%  99.986% 
(  110000,  170000 ]     1013   0.006%  99.993% 
(  170000,  250000 ]      593   0.004%  99.996% 
(  250000,  380000 ]      339   0.002%  99.999% 
(  380000,  570000 ]      137   0.001%  99.999% 
(  570000,  860000 ]       20   0.000%  99.999% 
(  860000, 1200000 ]       30   0.000% 100.000% 
( 1200000, 1900000 ]       24   0.000% 100.000% 
( 1900000, 2900000 ]        8   0.000% 100.000% 
( 2900000, 4300000 ]       17   0.000% 100.000% 
( 4300000, 6500000 ]        2   0.000% 100.000% 

STATISTICS:
rocksdb.block.cache.miss COUNT : 41590461
rocksdb.block.cache.hit COUNT : 2634060
rocksdb.block.cache.add COUNT : 35724704
rocksdb.block.cache.add.failures COUNT : 0
rocksdb.block.cache.index.miss COUNT : 0
rocksdb.block.cache.index.hit COUNT : 0
rocksdb.block.cache.index.add COUNT : 0
rocksdb.block.cache.index.bytes.insert COUNT : 0
rocksdb.block.cache.filter.miss COUNT : 0
rocksdb.block.cache.filter.hit COUNT : 0
rocksdb.block.cache.filter.add COUNT : 0
rocksdb.block.cache.filter.bytes.insert COUNT : 0
rocksdb.block.cache.data.miss COUNT : 41590461
rocksdb.block.cache.data.hit COUNT : 2634060
rocksdb.block.cache.data.add COUNT : 35724704
rocksdb.block.cache.data.bytes.insert COUNT : 153413677136
rocksdb.block.cache.bytes.read COUNT : 11329713696
rocksdb.block.cache.bytes.write COUNT : 153413677136
rocksdb.block.cache.compression.dict.miss COUNT : 0
rocksdb.block.cache.compression.dict.hit COUNT : 0
rocksdb.block.cache.compression.dict.add COUNT : 0
rocksdb.block.cache.compression.dict.bytes.insert COUNT : 0
rocksdb.block.cache.add.redundant COUNT : 50
rocksdb.block.cache.index.add.redundant COUNT : 0
rocksdb.block.cache.filter.add.redundant COUNT : 0
rocksdb.block.cache.data.add.redundant COUNT : 50
rocksdb.block.cache.compression.dict.add.redundant COUNT : 0
rocksdb.secondary.cache.hits COUNT : 0
rocksdb.secondary.cache.filter.hits COUNT : 0
rocksdb.secondary.cache.index.hits COUNT : 0
rocksdb.secondary.cache.data.hits COUNT : 0
rocksdb.compressed.secondary.cache.dummy.hits COUNT : 0
rocksdb.compressed.secondary.cache.hits COUNT : 0
rocksdb.compressed.secondary.cache.promotions COUNT : 0
rocksdb.compressed.secondary.cache.promotion.skips COUNT : 0
rocksdb.bloom.filter.useful COUNT : 0
rocksdb.bloom.filter.full.positive COUNT : 0
rocksdb.bloom.filter.full.true.positive COUNT : 0
rocksdb.bloom.filter.prefix.checked COUNT : 0
rocksdb.bloom.filter.prefix.useful COUNT : 0
rocksdb.bloom.filter.prefix.true.positive COUNT : 0
rocksdb.persistent.cache.hit COUNT : 0
rocksdb.persistent.cache.miss COUNT : 0
rocksdb.sim.block.cache.hit COUNT : 0
rocksdb.sim.block.cache.miss COUNT : 0
rocksdb.memtable.hit COUNT : 0
rocksdb.memtable.miss COUNT : 16000000
rocksdb.l0.hit COUNT : 2412
rocksdb.l1.hit COUNT : 158975
rocksdb.l2andup.hit COUNT : 9950979
rocksdb.compaction.key.drop.new COUNT : 2274067
rocksdb.compaction.key.drop.obsolete COUNT : 0
rocksdb.compaction.key.drop.range_del COUNT : 0
rocksdb.compaction.key.drop.user COUNT : 0
rocksdb.compaction.range_del.drop.obsolete COUNT : 0
rocksdb.compaction.optimized.del.drop.obsolete COUNT : 0
rocksdb.compaction.cancelled COUNT : 0
rocksdb.compaction.aborted COUNT : 0
rocksdb.number.keys.written COUNT : 0
rocksdb.number.keys.read COUNT : 16000000
rocksdb.number.keys.updated COUNT : 0
rocksdb.bytes.written COUNT : 0
rocksdb.bytes.read COUNT : 10355062784
rocksdb.number.db.seek COUNT : 0
rocksdb.number.db.next COUNT : 0
rocksdb.number.db.prev COUNT : 0
rocksdb.number.db.seek.found COUNT : 0
rocksdb.number.db.next.found COUNT : 0
rocksdb.number.db.prev.found COUNT : 0
rocksdb.db.iter.bytes.read COUNT : 0
rocksdb.number.iter.skip COUNT : 0
rocksdb.number.reseeks.iteration COUNT : 0
rocksdb.num.iterator.created COUNT : 0
rocksdb.num.iterator.deleted COUNT : 0
rocksdb.no.file.opens COUNT : 1748
rocksdb.no.file.errors COUNT : 0
rocksdb.stall.micros COUNT : 0
rocksdb.db.mutex.wait.micros COUNT : 0
rocksdb.number.multiget.get COUNT : 0
rocksdb.number.multiget.keys.read COUNT : 0
rocksdb.number.multiget.bytes.read COUNT : 0
rocksdb.number.multiget.keys.found COUNT : 0
rocksdb.number.merge.failures COUNT : 0
rocksdb.getupdatessince.calls COUNT : 0
rocksdb.wal.synced COUNT : 0
rocksdb.wal.bytes COUNT : 0
rocksdb.write.self COUNT : 0
rocksdb.write.other COUNT : 0
rocksdb.write.wal COUNT : 0
rocksdb.compact.read.bytes COUNT : 24732677949
rocksdb.compact.write.bytes COUNT : 22954327596
rocksdb.flush.write.bytes COUNT : 0
rocksdb.compact.read.marked.bytes COUNT : 0
rocksdb.compact.read.periodic.bytes COUNT : 0
rocksdb.compact.read.ttl.bytes COUNT : 0
rocksdb.compact.write.marked.bytes COUNT : 0
rocksdb.compact.write.periodic.bytes COUNT : 0
rocksdb.compact.write.ttl.bytes COUNT : 0
rocksdb.number.direct.load.table.properties COUNT : 0
rocksdb.number.superversion_acquires COUNT : 1436
rocksdb.number.superversion_releases COUNT : 1403
rocksdb.number.superversion_cleanups COUNT : 93
rocksdb.number.block.compressed COUNT : 0
rocksdb.number.block.decompressed COUNT : 0
rocksdb.bytes.compressed.from COUNT : 0
rocksdb.bytes.compressed.to COUNT : 0
rocksdb.bytes.compression_bypassed COUNT : 22926623877
rocksdb.bytes.compression.rejected COUNT : 0
rocksdb.number.block_compression_bypassed COUNT : 5439853
rocksdb.number.block_compression_rejected COUNT : 0
rocksdb.bytes.decompressed.from COUNT : 0
rocksdb.bytes.decompressed.to COUNT : 0
rocksdb.merge.operation.time.nanos COUNT : 0
rocksdb.filter.operation.time.nanos COUNT : 0
rocksdb.compaction.total.time.cpu_micros COUNT : 123923886
rocksdb.row.cache.hit COUNT : 0
rocksdb.row.cache.miss COUNT : 0
rocksdb.read.amp.estimate.useful.bytes COUNT : 0
rocksdb.read.amp.total.read.bytes COUNT : 0
rocksdb.number.rate_limiter.drains COUNT : 0
rocksdb.blobdb.num.put COUNT : 0
rocksdb.blobdb.num.write COUNT : 0
rocksdb.blobdb.num.get COUNT : 0
rocksdb.blobdb.num.multiget COUNT : 0
rocksdb.blobdb.num.seek COUNT : 0
rocksdb.blobdb.num.next COUNT : 0
rocksdb.blobdb.num.prev COUNT : 0
rocksdb.blobdb.num.keys.written COUNT : 0
rocksdb.blobdb.num.keys.read COUNT : 0
rocksdb.blobdb.bytes.written COUNT : 0
rocksdb.blobdb.bytes.read COUNT : 0
rocksdb.blobdb.write.inlined COUNT : 0
rocksdb.blobdb.write.inlined.ttl COUNT : 0
rocksdb.blobdb.write.blob COUNT : 0
rocksdb.blobdb.write.blob.ttl COUNT : 0
rocksdb.blobdb.blob.file.bytes.written COUNT : 0
rocksdb.blobdb.blob.file.bytes.read COUNT : 0
rocksdb.blobdb.blob.file.synced COUNT : 0
rocksdb.blobdb.blob.index.expired.count COUNT : 0
rocksdb.blobdb.blob.index.expired.size COUNT : 0
rocksdb.blobdb.blob.index.evicted.count COUNT : 0
rocksdb.blobdb.blob.index.evicted.size COUNT : 0
rocksdb.blobdb.gc.num.files COUNT : 0
rocksdb.blobdb.gc.num.new.files COUNT : 0
rocksdb.blobdb.gc.failures COUNT : 0
rocksdb.blobdb.gc.num.keys.relocated COUNT : 0
rocksdb.blobdb.gc.bytes.relocated COUNT : 0
rocksdb.blobdb.fifo.num.files.evicted COUNT : 0
rocksdb.blobdb.fifo.num.keys.evicted COUNT : 0
rocksdb.blobdb.fifo.bytes.evicted COUNT : 0
rocksdb.blobdb.cache.miss COUNT : 0
rocksdb.blobdb.cache.hit COUNT : 0
rocksdb.blobdb.cache.add COUNT : 0
rocksdb.blobdb.cache.add.failures COUNT : 0
rocksdb.blobdb.cache.bytes.read COUNT : 0
rocksdb.blobdb.cache.bytes.write COUNT : 0
rocksdb.txn.overhead.mutex.prepare COUNT : 0
rocksdb.txn.overhead.mutex.old.commit.map COUNT : 0
rocksdb.txn.overhead.duplicate.key COUNT : 0
rocksdb.txn.overhead.mutex.snapshot COUNT : 0
rocksdb.txn.get.tryagain COUNT : 0
rocksdb.files.marked.trash COUNT : 0
rocksdb.files.marked.trash.deleted COUNT : 0
rocksdb.files.deleted.immediately COUNT : 412
rocksdb.error.handler.bg.error.count COUNT : 0
rocksdb.error.handler.bg.io.error.count COUNT : 0
rocksdb.error.handler.bg.retryable.io.error.count COUNT : 0
rocksdb.error.handler.autoresume.count COUNT : 0
rocksdb.error.handler.autoresume.retry.total.count COUNT : 0
rocksdb.error.handler.autoresume.success.count COUNT : 0
rocksdb.memtable.payload.bytes.at.flush COUNT : 0
rocksdb.memtable.garbage.bytes.at.flush COUNT : 0
rocksdb.verify_checksum.read.bytes COUNT : 0
rocksdb.backup.read.bytes COUNT : 0
rocksdb.backup.write.bytes COUNT : 0
rocksdb.remote.compact.read.bytes COUNT : 0
rocksdb.remote.compact.write.bytes COUNT : 0
rocksdb.remote.compact.resumed.bytes COUNT : 0
rocksdb.hot.file.read.bytes COUNT : 0
rocksdb.warm.file.read.bytes COUNT : 0
rocksdb.cool.file.read.bytes COUNT : 0
rocksdb.cold.file.read.bytes COUNT : 0
rocksdb.ice.file.read.bytes COUNT : 0
rocksdb.hot.file.read.count COUNT : 0
rocksdb.warm.file.read.count COUNT : 0
rocksdb.cool.file.read.count COUNT : 0
rocksdb.cold.file.read.count COUNT : 0
rocksdb.ice.file.read.count COUNT : 0
rocksdb.last.level.read.bytes COUNT : 0
rocksdb.last.level.read.count COUNT : 0
rocksdb.non.last.level.read.bytes COUNT : 175167969284
rocksdb.non.last.level.read.count COUNT : 41597453
rocksdb.last.level.seek.filtered COUNT : 0
rocksdb.last.level.seek.filter.match COUNT : 0
rocksdb.last.level.seek.data COUNT : 0
rocksdb.last.level.seek.data.useful.no.filter COUNT : 0
rocksdb.last.level.seek.data.useful.filter.match COUNT : 0
rocksdb.non.last.level.seek.filtered COUNT : 0
rocksdb.non.last.level.seek.filter.match COUNT : 0
rocksdb.non.last.level.seek.data COUNT : 0
rocksdb.non.last.level.seek.data.useful.no.filter COUNT : 0
rocksdb.non.last.level.seek.data.useful.filter.match COUNT : 0
rocksdb.block.checksum.compute.count COUNT : 41593957
rocksdb.block.checksum.mismatch.count COUNT : 0
rocksdb.multiget.coroutine.count COUNT : 0
rocksdb.read.async.micros COUNT : 0
rocksdb.async.read.error.count COUNT : 0
rocksdb.table.open.prefetch.tail.miss COUNT : 0
rocksdb.table.open.prefetch.tail.hit COUNT : 0
rocksdb.timestamp.filter.table.checked COUNT : 0
rocksdb.timestamp.filter.table.filtered COUNT : 0
rocksdb.readahead.trimmed COUNT : 0
rocksdb.fifo.max.size.compactions COUNT : 0
rocksdb.fifo.ttl.compactions COUNT : 0
rocksdb.fifo.change_temperature.compactions COUNT : 0
rocksdb.prefetch.bytes COUNT : 0
rocksdb.prefetch.bytes.useful COUNT : 0
rocksdb.prefetch.hits COUNT : 0
rocksdb.footer.corruption.count COUNT : 0
rocksdb.file.read.corruption.retry.count COUNT : 0
rocksdb.file.read.corruption.retry.success.count COUNT : 0
rocksdb.number.wbwi.ingest COUNT : 0
rocksdb.sst.user.defined.index.load.fail.count COUNT : 0
rocksdb.multiscan.prepare.calls COUNT : 0
rocksdb.multiscan.prepare.errors COUNT : 0
rocksdb.multiscan.blocks.prefetched COUNT : 0
rocksdb.multiscan.blocks.from.cache COUNT : 0
rocksdb.multiscan.prefetch.bytes COUNT : 0
rocksdb.multiscan.prefetch.blocks.wasted COUNT : 0
rocksdb.multiscan.io.requests COUNT : 0
rocksdb.multiscan.io.coalesced.nonadjacent COUNT : 0
rocksdb.multiscan.seek.errors COUNT : 0
rocksdb.prefetch.memory.bytes.granted COUNT : 0
rocksdb.prefetch.memory.bytes.released COUNT : 0
rocksdb.prefetch.memory.requests.blocked COUNT : 0
rocksdb.read.path.range.tombstones.inserted COUNT : 0
rocksdb.read.path.range.tombstones.discarded COUNT : 0
rocksdb.file.open.metadata.retrieved COUNT : 0
rocksdb.file.open.metadata.passed COUNT : 0
rocksdb.db.get.micros P50 : 105.840922 P95 : 316.026397 P99 : 851.852981 P100 : 4380152.000000 COUNT : 16000000 SUM : 3211219937
rocksdb.db.write.micros P50 : 0.000000 P95 : 0.000000 P99 : 0.000000 P100 : 0.000000 COUNT : 0 SUM : 0
rocksdb.compaction.times.micros P50 : 15384615.384615 P95 : 24016666.666667 P99 : 26902516.000000 P100 : 26902516.000000 COUNT : 98 SUM : 1493704055
rocksdb.compaction.times.cpu_micros P50 : 1245652.173913 P95 : 2120000.000000 P99 : 9884000.000000 P100 : 10170235.000000 COUNT : 98 SUM : 123923886
rocksdb.subcompaction.setup.times.micros P50 : 109339.000000 P95 : 109339.000000 P99 : 109339.000000 P100 : 109339.000000 COUNT : 1 SUM : 109339
rocksdb.table.sync.micros P50 : 570000.000000 P95 : 1439912.000000 P99 : 1439912.000000 P100 : 1439912.000000 COUNT : 2 SUM : 1866055
rocksdb.compaction.outfile.sync.micros P50 : 689625.000000 P95 : 8636160.714286 P99 : 9567232.142857 P100 : 9699591.000000 COUNT : 395 SUM : 895269939
rocksdb.wal.file.sync.micros P50 : 0.000000 P95 : 0.000000 P99 : 0.000000 P100 : 0.000000 COUNT : 0 SUM : 0
rocksdb.manifest.file.sync.micros P50 : 3025.000000 P95 : 450300.000000 P99 : 4674000.000000 P100 : 5853121.000000 COUNT : 83 SUM : 12080303
rocksdb.table.open.io.micros P50 : 1246.000000 P95 : 61768.292683 P99 : 108150.000000 P100 : 177981.000000 COUNT : 1748 SUM : 25520176
rocksdb.db.multiget.micros P50 : 0.000000 P95 : 0.000000 P99 : 0.000000 P100 : 0.000000 COUNT : 0 SUM : 0
rocksdb.read.block.compaction.micros P50 : 3.244431 P95 : 9.776754 P99 : 720.740997 P100 : 4273082.000000 COUNT : 5865757 SUM : 631740370
rocksdb.read.block.get.micros P50 : 9.803635 P95 : 168.963020 P99 : 355.270333 P100 : 4379975.000000 COUNT : 35726452 SUM : 2905222865
rocksdb.write.raw.block.micros P50 : 0.771015 P95 : 2.661161 P99 : 5.779692 P100 : 3418203.000000 COUNT : 5440647 SUM : 107887758
rocksdb.numfiles.in.singlecompaction P50 : 3.416667 P95 : 5.932143 P99 : 22.120000 P100 : 31.000000 COUNT : 99 SUM : 417
rocksdb.db.seek.micros P50 : 0.000000 P95 : 0.000000 P99 : 0.000000 P100 : 0.000000 COUNT : 0 SUM : 0
rocksdb.db.write.stall P50 : 0.000000 P95 : 0.000000 P99 : 0.000000 P100 : 0.000000 COUNT : 0 SUM : 0
rocksdb.sst.read.micros P50 : 3.793171 P95 : 165.595518 P99 : 376.818231 P100 : 4379957.000000 COUNT : 41597453 SUM : 3327167938
rocksdb.file.read.flush.micros P50 : 0.000000 P95 : 0.000000 P99 : 0.000000 P100 : 0.000000 COUNT : 0 SUM : 0
rocksdb.file.read.compaction.micros P50 : 1.611481 P95 : 5.395318 P99 : 715.787999 P100 : 4273071.000000 COUNT : 5867337 SUM : 622100820
rocksdb.file.read.db.open.micros P50 : 3.934375 P95 : 28901.190476 P99 : 64678.571429 P100 : 162903.000000 COUNT : 5412 SUM : 23726480
rocksdb.file.read.get.micros P50 : 0.000000 P95 : 0.000000 P99 : 0.000000 P100 : 0.000000 COUNT : 0 SUM : 0
rocksdb.file.read.multiget.micros P50 : 0.000000 P95 : 0.000000 P99 : 0.000000 P100 : 0.000000 COUNT : 0 SUM : 0
rocksdb.file.read.db.iterator.micros P50 : 0.000000 P95 : 0.000000 P99 : 0.000000 P100 : 0.000000 COUNT : 0 SUM : 0
rocksdb.file.read.verify.db.checksum.micros P50 : 0.000000 P95 : 0.000000 P99 : 0.000000 P100 : 0.000000 COUNT : 0 SUM : 0
rocksdb.file.read.verify.file.checksums.micros P50 : 0.000000 P95 : 0.000000 P99 : 0.000000 P100 : 0.000000 COUNT : 0 SUM : 0
rocksdb.sst.write.micros P50 : 0.507270 P95 : 0.963812 P99 : 1.547650 P100 : 3418197.000000 COUNT : 10881691 SUM : 104203776
rocksdb.file.write.flush.micros P50 : 0.000000 P95 : 0.000000 P99 : 0.000000 P100 : 0.000000 COUNT : 0 SUM : 0
rocksdb.file.write.compaction.micros P50 : 0.507279 P95 : 0.963829 P99 : 1.548989 P100 : 3418197.000000 COUNT : 10841195 SUM : 104162015
rocksdb.file.write.db.open.micros P50 : 0.504912 P95 : 0.959334 P99 : 0.999727 P100 : 859.000000 COUNT : 40496 SUM : 41761
rocksdb.num.subcompactions.scheduled P50 : 16.000000 P95 : 16.000000 P99 : 16.000000 P100 : 16.000000 COUNT : 1 SUM : 16
rocksdb.bytes.per.read P50 : 959.822439 P95 : 1024.000000 P99 : 1024.000000 P100 : 1024.000000 COUNT : 16000000 SUM : 10355062784
rocksdb.bytes.per.write P50 : 0.000000 P95 : 0.000000 P99 : 0.000000 P100 : 0.000000 COUNT : 0 SUM : 0
rocksdb.bytes.per.multiget P50 : 0.000000 P95 : 0.000000 P99 : 0.000000 P100 : 0.000000 COUNT : 0 SUM : 0
rocksdb.compression.times.nanos P50 : 0.000000 P95 : 0.000000 P99 : 0.000000 P100 : 0.000000 COUNT : 0 SUM : 0
rocksdb.decompression.times.nanos P50 : 0.000000 P95 : 0.000000 P99 : 0.000000 P100 : 0.000000 COUNT : 0 SUM : 0
rocksdb.read.num.merge_operands P50 : 0.000000 P95 : 0.000000 P99 : 0.000000 P100 : 0.000000 COUNT : 0 SUM : 0
rocksdb.blobdb.key.size P50 : 0.000000 P95 : 0.000000 P99 : 0.000000 P100 : 0.000000 COUNT : 0 SUM : 0
rocksdb.blobdb.value.size P50 : 0.000000 P95 : 0.000000 P99 : 0.000000 P100 : 0.000000 COUNT : 0 SUM : 0
rocksdb.blobdb.write.micros P50 : 0.000000 P95 : 0.000000 P99 : 0.000000 P100 : 0.000000 COUNT : 0 SUM : 0
rocksdb.blobdb.get.micros P50 : 0.000000 P95 : 0.000000 P99 : 0.000000 P100 : 0.000000 COUNT : 0 SUM : 0
rocksdb.blobdb.multiget.micros P50 : 0.000000 P95 : 0.000000 P99 : 0.000000 P100 : 0.000000 COUNT : 0 SUM : 0
rocksdb.blobdb.seek.micros P50 : 0.000000 P95 : 0.000000 P99 : 0.000000 P100 : 0.000000 COUNT : 0 SUM : 0
rocksdb.blobdb.next.micros P50 : 0.000000 P95 : 0.000000 P99 : 0.000000 P100 : 0.000000 COUNT : 0 SUM : 0
rocksdb.blobdb.prev.micros P50 : 0.000000 P95 : 0.000000 P99 : 0.000000 P100 : 0.000000 COUNT : 0 SUM : 0
rocksdb.blobdb.blob.file.write.micros P50 : 0.000000 P95 : 0.000000 P99 : 0.000000 P100 : 0.000000 COUNT : 0 SUM : 0
rocksdb.blobdb.blob.file.read.micros P50 : 0.000000 P95 : 0.000000 P99 : 0.000000 P100 : 0.000000 COUNT : 0 SUM : 0
rocksdb.blobdb.blob.file.sync.micros P50 : 0.000000 P95 : 0.000000 P99 : 0.000000 P100 : 0.000000 COUNT : 0 SUM : 0
rocksdb.blobdb.compression.micros P50 : 0.000000 P95 : 0.000000 P99 : 0.000000 P100 : 0.000000 COUNT : 0 SUM : 0
rocksdb.blobdb.decompression.micros P50 : 0.000000 P95 : 0.000000 P99 : 0.000000 P100 : 0.000000 COUNT : 0 SUM : 0
rocksdb.db.flush.micros P50 : 0.000000 P95 : 0.000000 P99 : 0.000000 P100 : 0.000000 COUNT : 0 SUM : 0
rocksdb.sst.batch.size P50 : 0.000000 P95 : 0.000000 P99 : 0.000000 P100 : 0.000000 COUNT : 0 SUM : 0
rocksdb.multiget.io.batch.size P50 : 0.000000 P95 : 0.000000 P99 : 0.000000 P100 : 0.000000 COUNT : 0 SUM : 0
rocksdb.num.index.and.filter.blocks.read.per.level P50 : 0.000000 P95 : 0.000000 P99 : 0.000000 P100 : 0.000000 COUNT : 0 SUM : 0
rocksdb.num.sst.read.per.level P50 : 0.000000 P95 : 0.000000 P99 : 0.000000 P100 : 0.000000 COUNT : 0 SUM : 0
rocksdb.num.level.read.per.multiget P50 : 0.000000 P95 : 0.000000 P99 : 0.000000 P100 : 0.000000 COUNT : 0 SUM : 0
rocksdb.error.handler.autoresume.retry.count P50 : 0.000000 P95 : 0.000000 P99 : 0.000000 P100 : 0.000000 COUNT : 0 SUM : 0
rocksdb.async.read.bytes P50 : 0.000000 P95 : 0.000000 P99 : 0.000000 P100 : 0.000000 COUNT : 0 SUM : 0
rocksdb.poll.wait.micros P50 : 0.000000 P95 : 0.000000 P99 : 0.000000 P100 : 0.000000 COUNT : 0 SUM : 0
rocksdb.compaction.prefetch.bytes P50 : 0.000000 P95 : 0.000000 P99 : 0.000000 P100 : 0.000000 COUNT : 0 SUM : 0
rocksdb.prefetched.bytes.discarded P50 : 0.000000 P95 : 0.000000 P99 : 0.000000 P100 : 0.000000 COUNT : 0 SUM : 0
rocksdb.async.prefetch.abort.micros P50 : 0.000000 P95 : 0.000000 P99 : 0.000000 P100 : 0.000000 COUNT : 0 SUM : 0
rocksdb.table.open.prefetch.tail.read.bytes P50 : 0.000000 P95 : 0.000000 P99 : 0.000000 P100 : 0.000000 COUNT : 0 SUM : 0
rocksdb.num.op.per.transaction P50 : 0.000000 P95 : 0.000000 P99 : 0.000000 P100 : 0.000000 COUNT : 0 SUM : 0
rocksdb.multiscan.op.prepare.iterators.micros P50 : 0.000000 P95 : 0.000000 P99 : 0.000000 P100 : 0.000000 COUNT : 0 SUM : 0
rocksdb.multiscan.prepare.micros P50 : 0.000000 P95 : 0.000000 P99 : 0.000000 P100 : 0.000000 COUNT : 0 SUM : 0
rocksdb.multiscan.blocks.per.prepare P50 : 0.000000 P95 : 0.000000 P99 : 0.000000 P100 : 0.000000 COUNT : 0 SUM : 0
rocksdb.block.key.distribution.cv P50 : 0.000000 P95 : 0.000000 P99 : 0.000000 P100 : 0.000000 COUNT : 0 SUM : 0

